1                    HENYEY STELLAR EVOLUTION PROGRAM
                     METHOD OF HENYEY, FORBES + GOULD
                     AP. J. 139, 306 (1964)
0 MASS =  1.9890E+33  X(H) =  0.7080  Z =   0.0200
 N     =  151  MODELS=   60  DTYR= 1.000E+07
0STATIC INITIAL MODEL    1
 ITER=  1  MAX CORRECT=  9.59E-01  DAMP= 0.209
 ITER=  2  MAX CORRECT=  5.25E-01  DAMP= 0.381
 ITER=  3  MAX CORRECT=  2.24E-01  DAMP= 0.894
 ITER=  4  MAX CORRECT=  3.57E-02  DAMP= 1.000
 ITER=  5  MAX CORRECT=  1.34E-04  DAMP= 1.000
0MODEL     AGE(YR)      DT(YR)   IT   L/LSUN     R/RSUN       TEFF         TC       RHOC         PC         XC
    1  0.0000E+00  1.0000E+07   5  6.977E-01  8.802E-01  5.633E+03  1.382E+07  7.566E+01  1.407E+17  7.080E-01
0  J      XI       M/M         R          L          T        RHO          P         X      KAPPA        EPS  CV
   1  0.0000  0.00000  0.000E+00  0.000E+00  1.382E+07  7.566E+01  1.407E+17  7.080E-01  1.943E+00  1.279E+01  1
   2  0.0067  0.00000  2.642E+08  7.472E+28  1.382E+07  7.564E+01  1.406E+17  7.080E-01  1.943E+00  1.278E+01  1
   3  0.0133  0.00002  5.263E+08  5.896E+29  1.381E+07  7.558E+01  1.405E+17  7.080E-01  1.945E+00  1.275E+01  1
   4  0.0200  0.00008  7.869E+08  1.964E+30  1.380E+07  7.550E+01  1.402E+17  7.080E-01  1.947E+00  1.269E+01  1
   5  0.0267  0.00018  1.046E+09  4.589E+30  1.378E+07  7.537E+01  1.398E+17  7.080E-01  1.951E+00  1.261E+01  1
   6  0.0333  0.00035  1.303E+09  8.829E+30  1.377E+07  7.522E+01  1.393E+17  7.080E-01  1.955E+00  1.251E+01  1
   7  0.0400  0.00060  1.559E+09  1.501E+31  1.374E+07  7.503E+01  1.388E+17  7.080E-01  1.961E+00  1.239E+01  1
   8  0.0467  0.00094  1.814E+09  2.343E+31  1.372E+07  7.481E+01  1.381E+17  7.080E-01  1.967E+00  1.225E+01  1
   9  0.0533  0.00140  2.068E+09  3.435E+31  1.369E+07  7.456E+01  1.373E+17  7.080E-01  1.975E+00  1.209E+01  1
  10  0.0600  0.00197  2.320E+09  4.799E+31  1.365E+07  7.428E+01  1.364E+17  7.080E-01  1.983E+00  1.192E+01  1
  11  0.0667  0.00267  2.571E+09  6.452E+31  1.361E+07  7.397E+01  1.355E+17  7.080E-01  1.992E+00  1.173E+01  1
  12  0.0733  0.00352  2.820E+09  8.409E+31  1.357E+07  7.363E+01  1.345E+17  7.080E-01  2.002E+00  1.152E+01  0
  13  0.0800  0.00452  3.069E+09  1.068E+32  1.353E+07  7.325E+01  1.333E+17  7.080E-01  2.012E+00  1.131E+01  0
  14  0.0867  0.00568  3.316E+09  1.328E+32  1.348E+07  7.284E+01  1.322E+17  7.080E-01  2.023E+00  1.109E+01  0
  15  0.0933  0.00702  3.563E+09  1.620E+32  1.343E+07  7.240E+01  1.309E+17  7.080E-01  2.034E+00  1.085E+01  0
  16  0.1000  0.00854  3.809E+09  1.945E+32  1.338E+07  7.193E+01  1.295E+17  7.080E-01  2.046E+00  1.061E+01  0
  17  0.1067  0.01026  4.054E+09  2.302E+32  1.333E+07  7.144E+01  1.281E+17  7.080E-01  2.059E+00  1.035E+01  0
  18  0.1133  0.01217  4.298E+09  2.691E+32  1.327E+07  7.092E+01  1.266E+17  7.080E-01  2.072E+00  1.009E+01  0
  19  0.1200  0.01429  4.541E+09  3.111E+32  1.321E+07  7.038E+01  1.251E+17  7.080E-01  2.087E+00  9.824E+00  0
  20  0.1267  0.01662  4.783E+09  3.561E+32  1.315E+07  6.981E+01  1.235E+17  7.080E-01  2.102E+00  9.551E+00  0
  21  0.1333  0.01918  5.025E+09  4.039E+32  1.308E+07  6.922E+01  1.219E+17  7.080E-01  2.118E+00  9.272E+00  0
  22  0.1400  0.02196  5.266E+09  4.543E+32  1.302E+07  6.860E+01  1.201E+17  7.080E-01  2.134E+00  8.990E+00  0
  23  0.1467  0.02497  5.507E+09  5.073E+32  1.295E+07  6.796E+01  1.184E+17  7.080E-01  2.152E+00  8.705E+00  0
  24  0.1533  0.02821  5.746E+09  5.625E+32  1.287E+07  6.730E+01  1.166E+17  7.080E-01  2.170E+00  8.419E+00  0
  25  0.1600  0.03170  5.986E+09  6.199E+32  1.280E+07  6.662E+01  1.147E+17  7.080E-01  2.189E+00  8.131E+00  0
  26  0.1667  0.03542  6.225E+09  6.791E+32  1.272E+07  6.592E+01  1.128E+17  7.080E-01  2.208E+00  7.843E+00  0
  27  0.1733  0.03940  6.463E+09  7.399E+32  1.264E+07  6.520E+01  1.109E+17  7.080E-01  2.229E+00  7.556E+00  0
  28  0.1800  0.04362  6.701E+09  8.022E+32  1.256E+07  6.446E+01  1.090E+17  7.080E-01  2.250E+00  7.270E+00  0
  29  0.1867  0.04809  6.939E+09  8.656E+32  1.248E+07  6.370E+01  1.070E+17  7.080E-01  2.272E+00  6.986E+00  0
  30  0.1933  0.05282  7.176E+09  9.300E+32  1.240E+07  6.293E+01  1.049E+17  7.080E-01  2.294E+00  6.705E+00  0
  31  0.2000  0.05780  7.413E+09  9.950E+32  1.231E+07  6.214E+01  1.029E+17  7.080E-01  2.318E+00  6.427E+00  0
  32  0.2067  0.06304  7.650E+09  1.061E+33  1.222E+07  6.133E+01  1.008E+17  7.080E-01  2.342E+00  6.152E+00  0
  33  0.2133  0.06854  7.886E+09  1.126E+33  1.213E+07  6.051E+01  9.876E+16  7.080E-01  2.367E+00  5.882E+00  0
  34  0.2200  0.07428  8.123E+09  1.192E+33  1.204E+07  5.967E+01  9.666E+16  7.080E-01  2.392E+00  5.617E+00  0
  35  0.2267  0.08029  8.359E+09  1.258E+33  1.195E+07  5.882E+01  9.455E+16  7.080E-01  2.418E+00  5.357E+00  0
  36  0.2333  0.08655  8.595E+09  1.323E+33  1.185E+07  5.795E+01  9.243E+16  7.080E-01  2.446E+00  5.102E+00  0
  37  0.2400  0.09306  8.831E+09  1.387E+33  1.176E+07  5.708E+01  9.030E+16  7.080E-01  2.473E+00  4.853E+00  0
  38  0.2467  0.09983  9.067E+09  1.451E+33  1.166E+07  5.619E+01  8.816E+16  7.080E-01  2.502E+00  4.611E+00  0
  39  0.2533  0.10685  9.303E+09  1.513E+33  1.156E+07  5.529E+01  8.602E+16  7.080E-01  2.531E+00  4.375E+00  0
  40  0.2600  0.11411  9.540E+09  1.575E+33  1.146E+07  5.438E+01  8.389E+16  7.080E-01  2.561E+00  4.145E+00  0
  41  0.2667  0.12162  9.776E+09  1.635E+33  1.136E+07  5.346E+01  8.175E+16  7.080E-01  2.592E+00  3.923E+00  0
  42  0.2733  0.12938  1.001E+10  1.694E+33  1.126E+07  5.254E+01  7.962E+16  7.080E-01  2.623E+00  3.708E+00  0
  43  0.2800  0.13737  1.025E+10  1.751E+33  1.116E+07  5.160E+01  7.750E+16  7.080E-01  2.655E+00  3.500E+00  0
  44  0.2867  0.14560  1.049E+10  1.807E+33  1.106E+07  5.066E+01  7.538E+16  7.080E-01  2.688E+00  3.299E+00  0
  45  0.2933  0.15406  1.072E+10  1.861E+33  1.096E+07  4.971E+01  7.328E+16  7.080E-01  2.722E+00  3.106E+00  0
  46  0.3000  0.16275  1.096E+10  1.913E+33  1.085E+07  4.876E+01  7.119E+16  7.080E-01  2.756E+00  2.920E+00  0
  47  0.3067  0.17167  1.120E+10  1.963E+33  1.075E+07  4.780E+01  6.911E+16  7.080E-01  2.791E+00  2.742E+00  0
  48  0.3133  0.18080  1.144E+10  2.011E+33  1.064E+07  4.684E+01  6.705E+16  7.080E-01  2.826E+00  2.571E+00  0
  49  0.3200  0.19015  1.168E+10  2.057E+33  1.053E+07  4.588E+01  6.501E+16  7.080E-01  2.862E+00  2.407E+00  0
  50  0.3267  0.19970  1.192E+10  2.102E+33  1.043E+07  4.491E+01  6.299E+16  7.080E-01  2.899E+00  2.251E+00  0
  51  0.3333  0.20946  1.216E+10  2.144E+33  1.032E+07  4.394E+01  6.100E+16  7.080E-01  2.937E+00  2.102E+00  0
  52  0.3400  0.21941  1.240E+10  2.184E+33  1.021E+07  4.297E+01  5.903E+16  7.080E-01  2.975E+00  1.960E+00  0
  53  0.3467  0.22956  1.264E+10  2.222E+33  1.010E+07  4.199E+01  5.708E+16  7.080E-01  3.013E+00  1.825E+00  0
  54  0.3533  0.23989  1.288E+10  2.258E+33  9.994E+06  4.102E+01  5.516E+16  7.080E-01  3.053E+00  1.697E+00  0
  55  0.3600  0.25040  1.312E+10  2.293E+33  9.885E+06  4.005E+01  5.327E+16  7.080E-01  3.092E+00  1.576E+00  0
  56  0.3667  0.26108  1.337E+10  2.325E+33  9.776E+06  3.908E+01  5.140E+16  7.080E-01  3.133E+00  1.461E+00  0
  57  0.3733  0.27192  1.361E+10  2.355E+33  9.666E+06  3.812E+01  4.957E+16  7.080E-01  3.174E+00  1.353E+00  0
  58  0.3800  0.28292  1.386E+10  2.384E+33  9.556E+06  3.716E+01  4.777E+16  7.080E-01  3.215E+00  1.251E+00  0
  59  0.3867  0.29408  1.410E+10  2.410E+33  9.446E+06  3.620E+01  4.600E+16  7.080E-01  3.257E+00  1.154E+00  0
  60  0.3933  0.30537  1.435E+10  2.435E+33  9.336E+06  3.524E+01  4.426E+16  7.080E-01  3.299E+00  1.064E+00  0
  61  0.4000  0.31681  1.460E+10  2.458E+33  9.225E+06  3.429E+01  4.256E+16  7.080E-01  3.342E+00  9.792E-01  0
  62  0.4067  0.32836  1.485E+10  2.480E+33  9.115E+06  3.335E+01  4.090E+16  7.080E-01  3.385E+00  8.997E-01  0
  63  0.4133  0.34004  1.510E+10  2.500E+33  9.005E+06  3.241E+01  3.927E+16  7.080E-01  3.429E+00  8.254E-01  0
  64  0.4200  0.35184  1.535E+10  2.518E+33  8.894E+06  3.148E+01  3.767E+16  7.080E-01  3.473E+00  7.560E-01  0
  65  0.4267  0.36373  1.560E+10  2.536E+33  8.784E+06  3.056E+01  3.612E+16  7.080E-01  3.518E+00  6.913E-01  0
  66  0.4333  0.37572  1.586E+10  2.551E+33  8.673E+06  2.965E+01  3.460E+16  7.080E-01  3.563E+00  6.310E-01  0
  67  0.4400  0.38780  1.611E+10  2.566E+33  8.563E+06  2.875E+01  3.311E+16  7.080E-01  3.608E+00  5.751E-01  0
  68  0.4467  0.39995  1.637E+10  2.579E+33  8.453E+06  2.785E+01  3.167E+16  7.080E-01  3.653E+00  5.232E-01  0
  69  0.4533  0.41218  1.663E+10  2.591E+33  8.342E+06  2.697E+01  3.027E+16  7.080E-01  3.699E+00  4.752E-01  0
  70  0.4600  0.42447  1.689E+10  2.602E+33  8.232E+06  2.609E+01  2.890E+16  7.080E-01  3.746E+00  4.308E-01  0
  71  0.4667  0.43681  1.716E+10  2.612E+33  8.122E+06  2.523E+01  2.757E+16  7.080E-01  3.792E+00  3.899E-01  0
  72  0.4733  0.44919  1.742E+10  2.621E+33  8.012E+06  2.438E+01  2.628E+16  7.080E-01  3.839E+00  3.522E-01  0
  73  0.4800  0.46161  1.769E+10  2.630E+33  7.903E+06  2.354E+01  2.503E+16  7.080E-01  3.886E+00  3.175E-01  0
  74  0.4867  0.47406  1.795E+10  2.637E+33  7.793E+06  2.272E+01  2.382E+16  7.080E-01  3.933E+00  2.857E-01  0
  75  0.4933  0.48653  1.822E+10  2.644E+33  7.684E+06  2.191E+01  2.264E+16  7.080E-01  3.980E+00  2.566E-01  0
  76  0.5000  0.49900  1.850E+10  2.650E+33  7.575E+06  2.111E+01  2.151E+16  7.080E-01  4.028E+00  2.300E-01  0
  77  0.5067  0.51147  1.877E+10  2.655E+33  7.466E+06  2.032E+01  2.041E+16  7.080E-01  4.075E+00  2.058E-01  0
  78  0.5133  0.52394  1.905E+10  2.660E+33  7.357E+06  1.955E+01  1.935E+16  7.080E-01  4.123E+00  1.837E-01  0
  79  0.5200  0.53639  1.933E+10  2.664E+33  7.249E+06  1.880E+01  1.833E+16  7.080E-01  4.171E+00  1.636E-01  0
  80  0.5267  0.54881  1.961E+10  2.668E+33  7.141E+06  1.806E+01  1.735E+16  7.080E-01  4.219E+00  1.454E-01  0
  81  0.5333  0.56119  1.989E+10  2.672E+33  7.033E+06  1.733E+01  1.640E+16  7.080E-01  4.268E+00  1.289E-01  0
  82  0.5400  0.57353  2.018E+10  2.675E+33  6.925E+06  1.662E+01  1.548E+16  7.080E-01  4.316E+00  1.141E-01  0
  83  0.5467  0.58582  2.047E+10  2.677E+33  6.818E+06  1.593E+01  1.461E+16  7.080E-01  4.365E+00  1.007E-01  0
  84  0.5533  0.59805  2.076E+10  2.679E+33  6.710E+06  1.525E+01  1.377E+16  7.080E-01  4.413E+00  8.864E-02  0
  85  0.5600  0.61020  2.106E+10  2.681E+33  6.604E+06  1.459E+01  1.296E+16  7.080E-01  4.462E+00  7.786E-02  0
  86  0.5667  0.62228  2.135E+10  2.683E+33  6.497E+06  1.394E+01  1.219E+16  7.080E-01  4.511E+00  6.821E-02  0
  87  0.5733  0.63427  2.166E+10  2.685E+33  6.391E+06  1.332E+01  1.145E+16  7.080E-01  4.560E+00  5.960E-02  0
  88  0.5800  0.64616  2.196E+10  2.686E+33  6.285E+06  1.270E+01  1.074E+16  7.080E-01  4.609E+00  5.193E-02  0
  89  0.5867  0.65796  2.227E+10  2.687E+33  6.179E+06  1.211E+01  1.007E+16  7.080E-01  4.658E+00  4.513E-02  0
  90  0.5933  0.66964  2.258E+10  2.688E+33  6.074E+06  1.153E+01  9.422E+15  7.080E-01  4.707E+00  3.910E-02  0
  91  0.6000  0.68119  2.289E+10  2.689E+33  5.969E+06  1.097E+01  8.809E+15  7.080E-01  4.756E+00  3.378E-02  0
  92  0.6067  0.69263  2.321E+10  2.690E+33  5.864E+06  1.043E+01  8.225E+15  7.080E-01  4.805E+00  2.910E-02  0
  93  0.6133  0.70392  2.353E+10  2.690E+33  5.760E+06  9.899E+00  7.670E+15  7.080E-01  4.854E+00  2.498E-02  0
  94  0.6200  0.71508  2.386E+10  2.691E+33  5.656E+06  9.389E+00  7.143E+15  7.080E-01  4.904E+00  2.138E-02  0
  95  0.6267  0.72608  2.419E+10  2.691E+33  5.552E+06  8.895E+00  6.644E+15  7.080E-01  4.953E+00  1.824E-02  0
  96  0.6333  0.73692  2.452E+10  2.692E+33  5.449E+06  8.418E+00  6.170E+15  7.080E-01  5.003E+00  1.550E-02  0
  97  0.6400  0.74760  2.486E+10  2.692E+33  5.346E+06  7.958E+00  5.723E+15  7.080E-01  5.052E+00  1.313E-02  0
  98  0.6467  0.75811  2.521E+10  2.692E+33  5.243E+06  7.514E+00  5.300E+15  7.080E-01  5.102E+00  1.108E-02  0
  99  0.6533  0.76844  2.555E+10  2.692E+33  5.141E+06  7.087E+00  4.901E+15  7.080E-01  5.152E+00  9.314E-03  0
 100  0.6600  0.77859  2.591E+10  2.693E+33  5.039E+06  6.676E+00  4.525E+15  7.080E-01  5.202E+00  7.799E-03  0
 101  0.6667  0.78854  2.626E+10  2.693E+33  4.937E+06  6.280E+00  4.171E+15  7.080E-01  5.252E+00  6.503E-03  0
 102  0.6733  0.79830  2.663E+10  2.693E+33  4.836E+06  5.901E+00  3.839E+15  7.080E-01  5.303E+00  5.399E-03  0
 103  0.6800  0.80785  2.699E+10  2.693E+33  4.735E+06  5.537E+00  3.527E+15  7.080E-01  5.353E+00  4.463E-03  0
 104  0.6867  0.81720  2.737E+10  2.693E+33  4.635E+06  5.189E+00  3.235E+15  7.080E-01  5.404E+00  3.672E-03  0
 105  0.6933  0.82633  2.775E+10  2.693E+33  4.535E+06  4.855E+00  2.962E+15  7.080E-01  5.455E+00  3.007E-03  0
 106  0.7000  0.83525  2.813E+10  2.693E+33  4.435E+06  4.537E+00  2.707E+15  7.080E-01  5.506E+00  2.450E-03  0
 107  0.7067  0.84394  2.852E+10  2.693E+33  4.336E+06  4.233E+00  2.469E+15  7.080E-01  5.558E+00  1.986E-03  0
 108  0.7133  0.85240  2.892E+10  2.693E+33  4.237E+06  3.943E+00  2.248E+15  7.080E-01  5.609E+00  1.601E-03  0
 109  0.7200  0.86063  2.932E+10  2.693E+33  4.139E+06  3.667E+00  2.042E+15  7.080E-01  5.661E+00  1.283E-03  0
 110  0.7267  0.86862  2.973E+10  2.693E+33  4.041E+06  3.405E+00  1.851E+15  7.080E-01  5.714E+00  1.022E-03  0
 111  0.7333  0.87638  3.015E+10  2.693E+33  3.943E+06  3.157E+00  1.674E+15  7.080E-01  5.767E+00  8.096E-04  0
 112  0.7400  0.88389  3.058E+10  2.693E+33  3.846E+06  2.921E+00  1.511E+15  7.080E-01  5.820E+00  6.369E-04  0
 113  0.7467  0.89115  3.101E+10  2.693E+33  3.749E+06  2.698E+00  1.360E+15  7.080E-01  5.874E+00  4.977E-04  0
 114  0.7533  0.89817  3.145E+10  2.693E+33  3.652E+06  2.487E+00  1.222E+15  7.080E-01  5.928E+00  3.862E-04  0
 115  0.7600  0.90494  3.190E+10  2.693E+33  3.556E+06  2.288E+00  1.094E+15  7.080E-01  5.983E+00  2.974E-04  0
 116  0.7667  0.91145  3.235E+10  2.693E+33  3.461E+06  2.100E+00  9.778E+14  7.080E-01  6.039E+00  2.272E-04  0
 117  0.7733  0.91771  3.282E+10  2.693E+33  3.366E+06  1.924E+00  8.712E+14  7.080E-01  6.095E+00  1.722E-04  0
 118  0.7800  0.92371  3.329E+10  2.693E+33  3.271E+06  1.759E+00  7.739E+14  7.080E-01  6.152E+00  1.293E-04  0
 119  0.7867  0.92946  3.377E+10  2.693E+33  3.177E+06  1.604E+00  6.854E+14  7.080E-01  6.210E+00  9.624E-05  0
 120  0.7933  0.93496  3.426E+10  2.693E+33  3.084E+06  1.459E+00  6.051E+14  7.080E-01  6.269E+00  7.093E-05  0
 121  0.8000  0.94020  3.476E+10  2.693E+33  2.991E+06  1.323E+00  5.324E+14  7.080E-01  6.329E+00  5.174E-05  0
 122  0.8067  0.94518  3.527E+10  2.693E+33  2.898E+06  1.197E+00  4.668E+14  7.080E-01  6.390E+00  3.733E-05  0
 123  0.8133  0.94991  3.579E+10  2.693E+33  2.806E+06  1.080E+00  4.078E+14  7.080E-01  6.452E+00  2.663E-05  0
 124  0.8200  0.95438  3.633E+10  2.693E+33  2.714E+06  9.719E-01  3.549E+14  7.080E-01  6.516E+00  1.876E-05  0
 125  0.8267  0.95860  3.687E+10  2.693E+33  2.623E+06  8.716E-01  3.076E+14  7.080E-01  6.581E+00  1.305E-05  0
 126  0.8333  0.96258  3.742E+10  2.693E+33  2.533E+06  7.792E-01  2.655E+14  7.080E-01  6.647E+00  8.950E-06  0
 127  0.8400  0.96630  3.798E+10  2.693E+33  2.443E+06  6.941E-01  2.281E+14  7.080E-01  6.715E+00  6.050E-06  0
 128  0.8467  0.96979  3.856E+10  2.693E+33  2.354E+06  6.161E-01  1.951E+14  7.080E-01  6.785E+00  4.027E-06  0
 129  0.8533  0.97303  3.915E+10  2.693E+33  2.266E+06  5.449E-01  1.661E+14  7.080E-01  6.857E+00  2.636E-06  0
 130  0.8600  0.97604  3.974E+10  2.693E+33  2.178E+06  4.799E-01  1.406E+14  7.080E-01  6.931E+00  1.695E-06  0
 131  0.8667  0.97882  4.035E+10  2.693E+33  2.091E+06  4.211E-01  1.184E+14  7.080E-01  7.007E+00  1.070E-06  0
 132  0.8733  0.98138  4.097E+10  2.693E+33  2.005E+06  3.678E-01  9.923E+13  7.080E-01  7.086E+00  6.628E-07  0
 133  0.8800  0.98371  4.161E+10  2.693E+33  1.920E+06  3.200E-01  8.266E+13  7.080E-01  7.167E+00  4.021E-07  0
 134  0.8867  0.98583  4.225E+10  2.693E+33  1.837E+06  2.771E-01  6.847E+13  7.080E-01  7.251E+00  2.388E-07  0
 135  0.8933  0.98774  4.289E+10  2.693E+33  1.754E+06  2.390E-01  5.640E+13  7.080E-01  7.338E+00  1.388E-07  0
 136  0.9000  0.98946  4.355E+10  2.693E+33  1.673E+06  2.052E-01  4.620E+13  7.080E-01  7.428E+00  7.889E-08  0
 137  0.9067  0.99098  4.421E+10  2.693E+33  1.595E+06  1.755E-01  3.766E+13  7.080E-01  7.520E+00  4.391E-08  0
 138  0.9133  0.99232  4.487E+10  2.693E+33  1.518E+06  1.497E-01  3.057E+13  7.080E-01  7.615E+00  2.397E-08  0
 139  0.9200  0.99348  4.552E+10  2.693E+33  1.444E+06  1.274E-01  2.475E+13  7.080E-01  7.711E+00  1.288E-08  0
 140  0.9267  0.99448  4.616E+10  2.693E+33  1.374E+06  1.083E-01  2.002E+13  7.080E-01  7.809E+00  6.845E-09  0
 141  0.9333  0.99533  4.678E+10  2.693E+33  1.307E+06  9.227E-02  1.623E+13  7.080E-01  7.907E+00  3.632E-09  0
 142  0.9400  0.99603  4.737E+10  2.693E+33  1.246E+06  7.896E-02  1.323E+13  7.080E-01  8.003E+00  1.948E-09  0
 143  0.9467  0.99660  4.791E+10  2.693E+33  1.190E+06  6.816E-02  1.092E+13  7.080E-01  8.095E+00  1.073E-09  0
 144  0.9533  0.99705  4.839E+10  2.693E+33  1.142E+06  5.962E-02  9.162E+12  7.080E-01  8.179E+00  6.200E-10  0
 145  0.9600  0.99740  4.880E+10  2.693E+33  1.102E+06  5.310E-02  7.874E+12  7.080E-01  8.252E+00  3.838E-10  0
 146  0.9667  0.99765  4.912E+10  2.693E+33  1.071E+06  4.836E-02  6.966E+12  7.080E-01  8.313E+00  2.596E-10  0
 147  0.9733  0.99782  4.936E+10  2.693E+33  1.048E+06  4.513E-02  6.364E+12  7.080E-01  8.357E+00  1.941E-10  0
 148  0.9800  0.99792  4.951E+10  2.693E+33  1.034E+06  4.315E-02  6.000E+12  7.080E-01  8.387E+00  1.605E-10  0
 149  0.9867  0.99798  4.959E+10  2.693E+33  1.026E+06  4.212E-02  5.814E+12  7.080E-01  8.403E+00  1.449E-10  0
 150  0.9933  0.99800  4.962E+10  2.693E+33  1.023E+06  4.174E-02  5.746E+12  7.080E-01  8.408E+00  1.395E-10  0
 151  1.0000  0.99800  4.963E+10  2.693E+33  1.023E+06  4.170E-02  5.739E+12  7.080E-01  8.409E+00  1.389E-10  0
 ITER=  1  MAX CORRECT=  7.00E-04  DAMP= 1.000
 ITER=  2  MAX CORRECT=  1.99E-06  DAMP= 1.000
    2  1.0000E+07  1.0000E+07   2  6.981E-01  8.803E-01  5.634E+03  1.381E+07  7.579E+01  1.408E+17  7.074E-01
 ITER=  1  MAX CORRECT=  9.37E-04  DAMP= 1.000
 ITER=  2  MAX CORRECT=  3.01E-06  DAMP= 1.000
    3  2.4000E+07  1.4000E+07   2  6.987E-01  8.803E-01  5.635E+03  1.381E+07  7.589E+01  1.409E+17  7.065E-01
 ITER=  1  MAX CORRECT=  1.31E-03  DAMP= 1.000
 ITER=  2  MAX CORRECT=  3.66E-06  DAMP= 1.000
    4  4.3600E+07  1.9600E+07   2  6.996E-01  8.804E-01  5.637E+03  1.382E+07  7.604E+01  1.411E+17  7.053E-01
 ITER=  1  MAX CORRECT=  1.83E-03  DAMP= 1.000
 ITER=  2  MAX CORRECT=  5.34E-06  DAMP= 1.000
    5  7.1040E+07  2.7440E+07   2  7.009E-01  8.806E-01  5.639E+03  1.383E+07  7.624E+01  1.414E+17  7.035E-01
 ITER=  1  MAX CORRECT=  2.56E-03  DAMP= 1.000
 ITER=  2  MAX CORRECT=  8.01E-06  DAMP= 1.000
    6  1.0946E+08  3.8416E+07   2  7.027E-01  8.808E-01  5.642E+03  1.384E+07  7.652E+01  1.418E+17  7.010E-01
 ITER=  1  MAX CORRECT=  3.60E-03  DAMP= 1.000
 ITER=  2  MAX CORRECT=  1.19E-05  DAMP= 1.000
    7  1.6324E+08  5.3782E+07   2  7.052E-01  8.811E-01  5.646E+03  1.386E+07  7.693E+01  1.423E+17  6.976E-01
 ITER=  1  MAX CORRECT=  5.07E-03  DAMP= 1.000
 ITER=  2  MAX CORRECT=  1.81E-05  DAMP= 1.000
    8  2.3853E+08  7.5295E+07   2  7.088E-01  8.814E-01  5.652E+03  1.389E+07  7.750E+01  1.431E+17  6.928E-01
 ITER=  1  MAX CORRECT=  7.15E-03  DAMP= 1.000
 ITER=  2  MAX CORRECT=  3.52E-05  DAMP= 1.000
    9  3.4395E+08  1.0541E+08   2  7.139E-01  8.820E-01  5.660E+03  1.392E+07  7.831E+01  1.443E+17  6.860E-01
 ITER=  1  MAX CORRECT=  1.01E-02  DAMP= 1.000
 ITER=  2  MAX CORRECT=  7.12E-05  DAMP= 1.000
   10  4.9153E+08  1.4758E+08   2  7.211E-01  8.828E-01  5.672E+03  1.398E+07  7.947E+01  1.459E+17  6.765E-01
 ITER=  1  MAX CORRECT=  1.44E-02  DAMP= 1.000
 ITER=  2  MAX CORRECT=  1.45E-04  DAMP= 1.000
   11  6.9814E+08  2.0661E+08   2  7.314E-01  8.839E-01  5.688E+03  1.405E+07  8.116E+01  1.482E+17  6.631E-01
 ITER=  1  MAX CORRECT=  2.06E-02  DAMP= 1.000
 ITER=  2  MAX CORRECT=  3.01E-04  DAMP= 1.000
   12  9.8739E+08  2.8925E+08   2  7.464E-01  8.855E-01  5.712E+03  1.416E+07  8.363E+01  1.516E+17  6.443E-01
 ITER=  1  MAX CORRECT=  2.16E-02  DAMP= 1.000
 ITER=  2  MAX CORRECT=  3.35E-04  DAMP= 1.000
   13  1.2827E+09  2.9532E+08   2  7.624E-01  8.872E-01  5.737E+03  1.428E+07  8.632E+01  1.553E+17  6.250E-01
 ITER=  1  MAX CORRECT=  2.13E-02  DAMP= 1.000
 ITER=  2  MAX CORRECT=  3.32E-04  DAMP= 1.000
   14  1.5670E+09  2.8424E+08   2  7.784E-01  8.889E-01  5.761E+03  1.439E+07  8.906E+01  1.590E+17  6.063E-01
 ITER=  1  MAX CORRECT=  2.10E-02  DAMP= 1.000
 ITER=  2  MAX CORRECT=  3.29E-04  DAMP= 1.000
   15  1.8405E+09  2.7352E+08   2  7.946E-01  8.906E-01  5.785E+03  1.451E+07  9.186E+01  1.628E+17  5.881E-01
 ITER=  1  MAX CORRECT=  2.06E-02  DAMP= 1.000
 ITER=  2  MAX CORRECT=  3.26E-04  DAMP= 1.000
   16  2.1036E+09  2.6315E+08   2  8.109E-01  8.923E-01  5.809E+03  1.462E+07  9.472E+01  1.667E+17  5.704E-01
 ITER=  1  MAX CORRECT=  2.03E-02  DAMP= 1.000
 ITER=  2  MAX CORRECT=  3.23E-04  DAMP= 1.000
   17  2.3567E+09  2.5308E+08   2  8.272E-01  8.940E-01  5.833E+03  1.474E+07  9.763E+01  1.706E+17  5.533E-01
 ITER=  1  MAX CORRECT=  1.99E-02  DAMP= 1.000
 ITER=  2  MAX CORRECT=  3.20E-04  DAMP= 1.000
   18  2.6000E+09  2.4330E+08   2  8.436E-01  8.958E-01  5.856E+03  1.485E+07  1.006E+02  1.746E+17  5.367E-01
 ITER=  1  MAX CORRECT=  1.96E-02  DAMP= 1.000
 ITER=  2  MAX CORRECT=  3.17E-04  DAMP= 1.000
   19  2.8338E+09  2.3376E+08   2  8.599E-01  8.975E-01  5.878E+03  1.497E+07  1.036E+02  1.787E+17  5.206E-01
 ITER=  1  MAX CORRECT=  1.92E-02  DAMP= 1.000
 ITER=  2  MAX CORRECT=  3.14E-04  DAMP= 1.000
   20  3.0582E+09  2.2446E+08   2  8.763E-01  8.992E-01  5.900E+03  1.508E+07  1.066E+02  1.827E+17  5.050E-01
0  J      XI       M/M         R          L          T        RHO          P         X      KAPPA        EPS  CV
   1  0.0000  0.00000  0.000E+00  0.000E+00  1.508E+07  1.066E+02  1.827E+17  5.050E-01  1.766E+00  1.404E+01  0
   2  0.0067  0.00000  2.356E+08  8.207E+28  1.508E+07  1.066E+02  1.826E+17  5.052E-01  1.766E+00  1.403E+01  0
   3  0.0133  0.00002  4.695E+08  6.478E+29  1.507E+07  1.064E+02  1.824E+17  5.056E-01  1.767E+00  1.400E+01  0
   4  0.0200  0.00008  7.021E+08  2.159E+30  1.506E+07  1.062E+02  1.819E+17  5.064E-01  1.769E+00  1.395E+01  0
   5  0.0267  0.00018  9.335E+08  5.048E+30  1.504E+07  1.059E+02  1.813E+17  5.075E-01  1.772E+00  1.388E+01  0
   6  0.0333  0.00035  1.164E+09  9.722E+30  1.502E+07  1.054E+02  1.806E+17  5.089E-01  1.775E+00  1.379E+01  0
   7  0.0400  0.00060  1.393E+09  1.655E+31  1.499E+07  1.049E+02  1.797E+17  5.106E-01  1.779E+00  1.369E+01  0
   8  0.0467  0.00094  1.621E+09  2.587E+31  1.496E+07  1.043E+02  1.786E+17  5.125E-01  1.783E+00  1.356E+01  0
   9  0.0533  0.00140  1.849E+09  3.798E+31  1.493E+07  1.037E+02  1.774E+17  5.147E-01  1.789E+00  1.342E+01  0
  10  0.0600  0.00197  2.076E+09  5.314E+31  1.489E+07  1.029E+02  1.761E+17  5.172E-01  1.795E+00  1.327E+01  0
  11  0.0667  0.00267  2.302E+09  7.159E+31  1.485E+07  1.021E+02  1.746E+17  5.198E-01  1.801E+00  1.310E+01  0
  12  0.0733  0.00352  2.528E+09  9.351E+31  1.480E+07  1.012E+02  1.730E+17  5.227E-01  1.808E+00  1.292E+01  0
  13  0.0800  0.00452  2.753E+09  1.190E+32  1.475E+07  1.003E+02  1.713E+17  5.258E-01  1.816E+00  1.273E+01  0
  14  0.0867  0.00568  2.978E+09  1.483E+32  1.469E+07  9.931E+01  1.694E+17  5.291E-01  1.825E+00  1.252E+01  0
  15  0.0933  0.00702  3.203E+09  1.814E+32  1.464E+07  9.826E+01  1.675E+17  5.325E-01  1.834E+00  1.230E+01  0
  16  0.1000  0.00854  3.427E+09  2.183E+32  1.457E+07  9.716E+01  1.654E+17  5.361E-01  1.844E+00  1.208E+01  0
  17  0.1067  0.01026  3.651E+09  2.591E+32  1.451E+07  9.601E+01  1.633E+17  5.398E-01  1.854E+00  1.184E+01  0
  18  0.1133  0.01217  3.875E+09  3.038E+32  1.444E+07  9.482E+01  1.610E+17  5.437E-01  1.865E+00  1.160E+01  0
  19  0.1200  0.01429  4.099E+09  3.522E+32  1.437E+07  9.359E+01  1.587E+17  5.476E-01  1.877E+00  1.134E+01  0
  20  0.1267  0.01662  4.323E+09  4.042E+32  1.429E+07  9.233E+01  1.563E+17  5.517E-01  1.889E+00  1.109E+01  0
  21  0.1333  0.01918  4.547E+09  4.599E+32  1.422E+07  9.103E+01  1.538E+17  5.559E-01  1.902E+00  1.082E+01  0
  22  0.1400  0.02196  4.772E+09  5.190E+32  1.414E+07  8.971E+01  1.513E+17  5.601E-01  1.915E+00  1.055E+01  0
  23  0.1467  0.02497  4.996E+09  5.814E+32  1.405E+07  8.836E+01  1.487E+17  5.644E-01  1.930E+00  1.027E+01  0
  24  0.1533  0.02821  5.220E+09  6.468E+32  1.397E+07  8.699E+01  1.460E+17  5.687E-01  1.944E+00  9.992E+00  0
  25  0.1600  0.03170  5.445E+09  7.151E+32  1.388E+07  8.560E+01  1.433E+17  5.731E-01  1.960E+00  9.707E+00  0
  26  0.1667  0.03542  5.670E+09  7.860E+32  1.379E+07  8.419E+01  1.406E+17  5.775E-01  1.976E+00  9.419E+00  0
  27  0.1733  0.03940  5.896E+09  8.594E+32  1.370E+07  8.277E+01  1.378E+17  5.820E-01  1.993E+00  9.128E+00  0
  28  0.1800  0.04362  6.121E+09  9.348E+32  1.360E+07  8.134E+01  1.350E+17  5.864E-01  2.010E+00  8.835E+00  0
  29  0.1867  0.04809  6.347E+09  1.012E+33  1.350E+07  7.989E+01  1.321E+17  5.908E-01  2.029E+00  8.540E+00  0
  30  0.1933  0.05282  6.574E+09  1.091E+33  1.340E+07  7.845E+01  1.292E+17  5.952E-01  2.047E+00  8.244E+00  0
  31  0.2000  0.05780  6.801E+09  1.171E+33  1.330E+07  7.699E+01  1.264E+17  5.996E-01  2.067E+00  7.948E+00  0
  32  0.2067  0.06304  7.028E+09  1.253E+33  1.320E+07  7.554E+01  1.234E+17  6.040E-01  2.087E+00  7.652E+00  0
  33  0.2133  0.06854  7.256E+09  1.335E+33  1.309E+07  7.408E+01  1.205E+17  6.083E-01  2.108E+00  7.357E+00  0
  34  0.2200  0.07428  7.484E+09  1.417E+33  1.299E+07  7.262E+01  1.176E+17  6.126E-01  2.129E+00  7.064E+00  0
  35  0.2267  0.08029  7.713E+09  1.500E+33  1.288E+07  7.117E+01  1.147E+17  6.168E-01  2.151E+00  6.772E+00  0
  36  0.2333  0.08655  7.943E+09  1.582E+33  1.277E+07  6.971E+01  1.118E+17  6.209E-01  2.174E+00  6.483E+00  0
  37  0.2400  0.09306  8.173E+09  1.665E+33  1.266E+07  6.827E+01  1.089E+17  6.250E-01  2.198E+00  6.197E+00  0
  38  0.2467  0.09983  8.404E+09  1.746E+33  1.254E+07  6.682E+01  1.060E+17  6.289E-01  2.222E+00  5.915E+00  0
  39  0.2533  0.10685  8.635E+09  1.827E+33  1.243E+07  6.539E+01  1.031E+17  6.328E-01  2.247E+00  5.638E+00  0
  40  0.2600  0.11411  8.867E+09  1.906E+33  1.232E+07  6.396E+01  1.002E+17  6.366E-01  2.273E+00  5.365E+00  0
  41  0.2667  0.12162  9.100E+09  1.984E+33  1.220E+07  6.254E+01  9.735E+16  6.403E-01  2.299E+00  5.097E+00  0
  42  0.2733  0.12938  9.334E+09  2.061E+33  1.208E+07  6.114E+01  9.452E+16  6.439E-01  2.326E+00  4.835E+00  0
  43  0.2800  0.13737  9.568E+09  2.136E+33  1.197E+07  5.974E+01  9.171E+16  6.474E-01  2.353E+00  4.580E+00  0
  44  0.2867  0.14560  9.804E+09  2.209E+33  1.185E+07  5.835E+01  8.893E+16  6.508E-01  2.382E+00  4.331E+00  0
  45  0.2933  0.15406  1.004E+10  2.280E+33  1.173E+07  5.698E+01  8.619E+16  6.541E-01  2.411E+00  4.089E+00  0
  46  0.3000  0.16275  1.028E+10  2.348E+33  1.161E+07  5.561E+01  8.347E+16  6.573E-01  2.440E+00  3.855E+00  0
  47  0.3067  0.17167  1.051E+10  2.415E+33  1.149E+07  5.426E+01  8.080E+16  6.603E-01  2.470E+00  3.628E+00  0
  48  0.3133  0.18080  1.075E+10  2.479E+33  1.137E+07  5.292E+01  7.815E+16  6.632E-01  2.501E+00  3.409E+00  0
  49  0.3200  0.19015  1.099E+10  2.540E+33  1.124E+07  5.160E+01  7.555E+16  6.661E-01  2.533E+00  3.198E+00  0
  50  0.3267  0.19970  1.123E+10  2.599E+33  1.112E+07  5.029E+01  7.299E+16  6.688E-01  2.565E+00  2.995E+00  0
  51  0.3333  0.20946  1.147E+10  2.655E+33  1.100E+07  4.899E+01  7.046E+16  6.713E-01  2.598E+00  2.800E+00  0
  52  0.3400  0.21941  1.172E+10  2.709E+33  1.088E+07  4.771E+01  6.798E+16  6.738E-01  2.631E+00  2.614E+00  0
  53  0.3467  0.22956  1.196E+10  2.759E+33  1.075E+07  4.645E+01  6.555E+16  6.761E-01  2.665E+00  2.436E+00  0
  54  0.3533  0.23989  1.220E+10  2.808E+33  1.063E+07  4.519E+01  6.316E+16  6.784E-01  2.699E+00  2.267E+00  0
  55  0.3600  0.25040  1.245E+10  2.853E+33  1.051E+07  4.396E+01  6.082E+16  6.805E-01  2.734E+00  2.105E+00  0
  56  0.3667  0.26108  1.270E+10  2.897E+33  1.038E+07  4.274E+01  5.852E+16  6.825E-01  2.770E+00  1.952E+00  0
  57  0.3733  0.27192  1.294E+10  2.937E+33  1.026E+07  4.153E+01  5.628E+16  6.844E-01  2.806E+00  1.807E+00  0
  58  0.3800  0.28292  1.319E+10  2.975E+33  1.013E+07  4.034E+01  5.408E+16  6.862E-01  2.843E+00  1.670E+00  0
  59  0.3867  0.29408  1.344E+10  3.011E+33  1.001E+07  3.917E+01  5.194E+16  6.878E-01  2.880E+00  1.541E+00  0
  60  0.3933  0.30537  1.370E+10  3.044E+33  9.887E+06  3.801E+01  4.984E+16  6.894E-01  2.917E+00  1.419E+00  0
  61  0.4000  0.31681  1.395E+10  3.075E+33  9.763E+06  3.687E+01  4.779E+16  6.909E-01  2.955E+00  1.305E+00  0
  62  0.4067  0.32836  1.420E+10  3.104E+33  9.640E+06  3.574E+01  4.580E+16  6.923E-01  2.994E+00  1.198E+00  0
  63  0.4133  0.34004  1.446E+10  3.130E+33  9.517E+06  3.464E+01  4.386E+16  6.936E-01  3.033E+00  1.098E+00  0
  64  0.4200  0.35184  1.472E+10  3.155E+33  9.393E+06  3.355E+01  4.197E+16  6.948E-01  3.072E+00  1.004E+00  0
  65  0.4267  0.36373  1.497E+10  3.178E+33  9.271E+06  3.247E+01  4.013E+16  6.960E-01  3.111E+00  9.167E-01  0
  66  0.4333  0.37572  1.524E+10  3.198E+33  9.148E+06  3.142E+01  3.834E+16  6.970E-01  3.151E+00  8.355E-01  0
  67  0.4400  0.38780  1.550E+10  3.218E+33  9.026E+06  3.038E+01  3.660E+16  6.980E-01  3.192E+00  7.601E-01  0
  68  0.4467  0.39995  1.576E+10  3.235E+33  8.903E+06  2.936E+01  3.492E+16  6.989E-01  3.232E+00  6.903E-01  0
  69  0.4533  0.41218  1.603E+10  3.251E+33  8.782E+06  2.835E+01  3.329E+16  6.998E-01  3.273E+00  6.257E-01  0
  70  0.4600  0.42447  1.629E+10  3.266E+33  8.660E+06  2.737E+01  3.170E+16  7.005E-01  3.315E+00  5.661E-01  0
  71  0.4667  0.43681  1.656E+10  3.279E+33  8.539E+06  2.640E+01  3.017E+16  7.012E-01  3.356E+00  5.112E-01  0
  72  0.4733  0.44919  1.683E+10  3.291E+33  8.418E+06  2.545E+01  2.869E+16  7.019E-01  3.398E+00  4.607E-01  0
  73  0.4800  0.46161  1.711E+10  3.301E+33  8.298E+06  2.452E+01  2.726E+16  7.025E-01  3.440E+00  4.145E-01  0
  74  0.4867  0.47406  1.738E+10  3.311E+33  8.178E+06  2.361E+01  2.588E+16  7.031E-01  3.482E+00  3.721E-01  0
  75  0.4933  0.48653  1.766E+10  3.320E+33  8.058E+06  2.272E+01  2.454E+16  7.036E-01  3.524E+00  3.334E-01  0
  76  0.5000  0.49900  1.794E+10  3.328E+33  7.939E+06  2.184E+01  2.326E+16  7.040E-01  3.567E+00  2.980E-01  0
  77  0.5067  0.51147  1.822E+10  3.335E+33  7.820E+06  2.099E+01  2.202E+16  7.045E-01  3.610E+00  2.659E-01  0
  78  0.5133  0.52394  1.851E+10  3.341E+33  7.702E+06  2.015E+01  2.083E+16  7.048E-01  3.653E+00  2.368E-01  0
  79  0.5200  0.53639  1.879E+10  3.346E+33  7.584E+06  1.933E+01  1.968E+16  7.052E-01  3.696E+00  2.103E-01  0
  80  0.5267  0.54881  1.908E+10  3.351E+33  7.467E+06  1.854E+01  1.858E+16  7.055E-01  3.739E+00  1.864E-01  0
  81  0.5333  0.56119  1.938E+10  3.356E+33  7.350E+06  1.776E+01  1.753E+16  7.058E-01  3.782E+00  1.649E-01  0
  82  0.5400  0.57353  1.967E+10  3.359E+33  7.233E+06  1.700E+01  1.652E+16  7.060E-01  3.825E+00  1.455E-01  0
  83  0.5467  0.58582  1.997E+10  3.363E+33  7.117E+06  1.626E+01  1.555E+16  7.063E-01  3.869E+00  1.281E-01  0
  84  0.5533  0.59805  2.027E+10  3.366E+33  7.001E+06  1.554E+01  1.462E+16  7.065E-01  3.913E+00  1.124E-01  0
  85  0.5600  0.61020  2.057E+10  3.368E+33  6.886E+06  1.484E+01  1.373E+16  7.067E-01  3.956E+00  9.848E-02  0
  86  0.5667  0.62228  2.088E+10  3.370E+33  6.771E+06  1.416E+01  1.289E+16  7.068E-01  4.000E+00  8.604E-02  0
  87  0.5733  0.63427  2.119E+10  3.372E+33  6.657E+06  1.350E+01  1.208E+16  7.070E-01  4.044E+00  7.497E-02  0
  88  0.5800  0.64616  2.150E+10  3.374E+33  6.543E+06  1.286E+01  1.131E+16  7.071E-01  4.088E+00  6.514E-02  0
  89  0.5867  0.65796  2.182E+10  3.375E+33  6.430E+06  1.223E+01  1.058E+16  7.072E-01  4.132E+00  5.645E-02  0
  90  0.5933  0.66964  2.214E+10  3.376E+33  6.317E+06  1.163E+01  9.878E+15  7.073E-01  4.176E+00  4.878E-02  0
  91  0.6000  0.68119  2.247E+10  3.377E+33  6.204E+06  1.105E+01  9.216E+15  7.074E-01  4.220E+00  4.202E-02  0
  92  0.6067  0.69263  2.279E+10  3.378E+33  6.092E+06  1.048E+01  8.587E+15  7.075E-01  4.264E+00  3.609E-02  0
  93  0.6133  0.70392  2.313E+10  3.379E+33  5.981E+06  9.935E+00  7.991E+15  7.076E-01  4.308E+00  3.090E-02  0
  94  0.6200  0.71508  2.346E+10  3.380E+33  5.870E+06  9.408E+00  7.427E+15  7.076E-01  4.353E+00  2.637E-02  0
  95  0.6267  0.72608  2.380E+10  3.380E+33  5.759E+06  8.899E+00  6.893E+15  7.077E-01  4.397E+00  2.243E-02  0
  96  0.6333  0.73692  2.415E+10  3.381E+33  5.649E+06  8.409E+00  6.389E+15  7.077E-01  4.441E+00  1.901E-02  0
  97  0.6400  0.74760  2.450E+10  3.381E+33  5.540E+06  7.937E+00  5.914E+15  7.078E-01  4.486E+00  1.606E-02  0
  98  0.6467  0.75811  2.485E+10  3.381E+33  5.431E+06  7.483E+00  5.466E+15  7.078E-01  4.531E+00  1.351E-02  0
  99  0.6533  0.76844  2.521E+10  3.382E+33  5.322E+06  7.046E+00  5.044E+15  7.078E-01  4.575E+00  1.133E-02  0
 100  0.6600  0.77859  2.558E+10  3.382E+33  5.214E+06  6.627E+00  4.648E+15  7.079E-01  4.620E+00  9.458E-03  0
 101  0.6667  0.78854  2.595E+10  3.382E+33  5.107E+06  6.225E+00  4.276E+15  7.079E-01  4.665E+00  7.865E-03  0
 102  0.6733  0.79830  2.632E+10  3.382E+33  5.000E+06  5.840E+00  3.928E+15  7.079E-01  4.711E+00  6.512E-03  0
 103  0.6800  0.80785  2.670E+10  3.382E+33  4.893E+06  5.472E+00  3.602E+15  7.079E-01  4.756E+00  5.368E-03  0
 104  0.6867  0.81720  2.709E+10  3.382E+33  4.787E+06  5.120E+00  3.297E+15  7.079E-01  4.801E+00  4.404E-03  0
 105  0.6933  0.82633  2.748E+10  3.382E+33  4.681E+06  4.784E+00  3.013E+15  7.079E-01  4.847E+00  3.597E-03  0
 106  0.7000  0.83525  2.788E+10  3.382E+33  4.576E+06  4.464E+00  2.748E+15  7.080E-01  4.893E+00  2.922E-03  0
 107  0.7067  0.84394  2.828E+10  3.382E+33  4.472E+06  4.158E+00  2.502E+15  7.080E-01  4.939E+00  2.362E-03  0
 108  0.7133  0.85240  2.869E+10  3.382E+33  4.368E+06  3.868E+00  2.273E+15  7.080E-01  4.986E+00  1.899E-03  0
 109  0.7200  0.86063  2.911E+10  3.382E+33  4.264E+06  3.592E+00  2.061E+15  7.080E-01  5.033E+00  1.518E-03  0
 110  0.7267  0.86862  2.954E+10  3.382E+33  4.161E+06  3.331E+00  1.865E+15  7.080E-01  5.080E+00  1.206E-03  0
 111  0.7333  0.87638  2.997E+10  3.382E+33  4.059E+06  3.083E+00  1.683E+15  7.080E-01  5.127E+00  9.525E-04  0
 112  0.7400  0.88389  3.041E+10  3.382E+33  3.957E+06  2.848E+00  1.516E+15  7.080E-01  5.175E+00  7.474E-04  0
 113  0.7467  0.89115  3.086E+10  3.382E+33  3.855E+06  2.627E+00  1.362E+15  7.080E-01  5.224E+00  5.824E-04  0
 114  0.7533  0.89817  3.131E+10  3.382E+33  3.755E+06  2.418E+00  1.221E+15  7.080E-01  5.272E+00  4.507E-04  0
 115  0.7600  0.90494  3.178E+10  3.382E+33  3.654E+06  2.221E+00  1.092E+15  7.080E-01  5.322E+00  3.461E-04  0
 116  0.7667  0.91145  3.225E+10  3.382E+33  3.554E+06  2.036E+00  9.738E+14  7.080E-01  5.372E+00  2.637E-04  0
 117  0.7733  0.91771  3.273E+10  3.382E+33  3.455E+06  1.863E+00  8.659E+14  7.080E-01  5.422E+00  1.993E-04  0
 118  0.7800  0.92371  3.322E+10  3.382E+33  3.357E+06  1.700E+00  7.678E+14  7.080E-01  5.474E+00  1.493E-04  0
 119  0.7867  0.92946  3.372E+10  3.382E+33  3.259E+06  1.548E+00  6.787E+14  7.080E-01  5.526E+00  1.108E-04  0
 120  0.7933  0.93496  3.423E+10  3.382E+33  3.161E+06  1.406E+00  5.980E+14  7.080E-01  5.579E+00  8.144E-05  0
 121  0.8000  0.94020  3.476E+10  3.382E+33  3.064E+06  1.274E+00  5.252E+14  7.080E-01  5.632E+00  5.925E-05  0
 122  0.8067  0.94518  3.529E+10  3.382E+33  2.968E+06  1.151E+00  4.596E+14  7.080E-01  5.687E+00  4.263E-05  0
 123  0.8133  0.94991  3.583E+10  3.382E+33  2.872E+06  1.037E+00  4.008E+14  7.080E-01  5.743E+00  3.033E-05  0
 124  0.8200  0.95438  3.638E+10  3.382E+33  2.777E+06  9.316E-01  3.481E+14  7.080E-01  5.800E+00  2.131E-05  0
 125  0.8267  0.95860  3.694E+10  3.382E+33  2.683E+06  8.343E-01  3.012E+14  7.080E-01  5.858E+00  1.478E-05  0
 126  0.8333  0.96258  3.752E+10  3.382E+33  2.589E+06  7.447E-01  2.594E+14  7.080E-01  5.918E+00  1.011E-05  0
 127  0.8400  0.96630  3.811E+10  3.382E+33  2.497E+06  6.625E-01  2.225E+14  7.080E-01  5.979E+00  6.818E-06  0
 128  0.8467  0.96979  3.871E+10  3.382E+33  2.404E+06  5.872E-01  1.899E+14  7.080E-01  6.041E+00  4.525E-06  0
 129  0.8533  0.97303  3.932E+10  3.382E+33  2.313E+06  5.185E-01  1.614E+14  7.080E-01  6.106E+00  2.954E-06  0
 130  0.8600  0.97604  3.994E+10  3.382E+33  2.223E+06  4.561E-01  1.364E+14  7.080E-01  6.172E+00  1.895E-06  0
 131  0.8667  0.97882  4.057E+10  3.382E+33  2.133E+06  3.996E-01  1.147E+14  7.080E-01  6.241E+00  1.194E-06  0
 132  0.8733  0.98138  4.122E+10  3.382E+33  2.044E+06  3.486E-01  9.589E+13  7.080E-01  6.311E+00  7.372E-07  0
 133  0.8800  0.98371  4.188E+10  3.382E+33  1.957E+06  3.028E-01  7.973E+13  7.080E-01  6.384E+00  4.460E-07  0
 134  0.8867  0.98583  4.255E+10  3.382E+33  1.871E+06  2.619E-01  6.592E+13  7.080E-01  6.459E+00  2.642E-07  0
 135  0.8933  0.98774  4.322E+10  3.382E+33  1.786E+06  2.255E-01  5.420E+13  7.080E-01  6.537E+00  1.532E-07  0
 136  0.9000  0.98946  4.391E+10  3.382E+33  1.703E+06  1.934E-01  4.432E+13  7.080E-01  6.617E+00  8.687E-08  0
 137  0.9067  0.99098  4.460E+10  3.382E+33  1.622E+06  1.652E-01  3.607E+13  7.080E-01  6.700E+00  4.824E-08  0
 138  0.9133  0.99232  4.528E+10  3.382E+33  1.544E+06  1.407E-01  2.923E+13  7.080E-01  6.785E+00  2.627E-08  0
 139  0.9200  0.99348  4.596E+10  3.382E+33  1.468E+06  1.196E-01  2.362E+13  7.080E-01  6.872E+00  1.408E-08  0
 140  0.9267  0.99448  4.663E+10  3.382E+33  1.396E+06  1.016E-01  1.908E+13  7.080E-01  6.959E+00  7.471E-09  0
 141  0.9333  0.99533  4.728E+10  3.382E+33  1.328E+06  8.642E-02  1.544E+13  7.080E-01  7.047E+00  3.956E-09  0
 142  0.9400  0.99603  4.790E+10  3.382E+33  1.265E+06  7.388E-02  1.257E+13  7.080E-01  7.133E+00  2.118E-09  0
 143  0.9467  0.99660  4.846E+10  3.382E+33  1.209E+06  6.371E-02  1.036E+13  7.080E-01  7.214E+00  1.165E-09  0
 144  0.9533  0.99705  4.897E+10  3.382E+33  1.159E+06  5.568E-02  8.685E+12  7.080E-01  7.290E+00  6.722E-10  0
 145  0.9600  0.99740  4.939E+10  3.382E+33  1.118E+06  4.956E-02  7.457E+12  7.080E-01  7.356E+00  4.157E-10  0
 146  0.9667  0.99765  4.973E+10  3.382E+33  1.086E+06  4.511E-02  6.592E+12  7.080E-01  7.410E+00  2.809E-10  0
 147  0.9733  0.99782  4.998E+10  3.382E+33  1.063E+06  4.208E-02  6.019E+12  7.080E-01  7.450E+00  2.099E-10  0
 148  0.9800  0.99792  5.014E+10  3.382E+33  1.048E+06  4.022E-02  5.674E+12  7.080E-01  7.476E+00  1.735E-10  0
 149  0.9867  0.99798  5.022E+10  3.382E+33  1.041E+06  3.926E-02  5.496E+12  7.080E-01  7.490E+00  1.566E-10  0
 150  0.9933  0.99800  5.025E+10  3.382E+33  1.038E+06  3.890E-02  5.432E+12  7.080E-01  7.495E+00  1.508E-10  0
 151  1.0000  0.99800  5.026E+10  3.382E+33  1.037E+06  3.886E-02  5.425E+12  7.080E-01  7.496E+00  1.501E-10  0
 ITER=  1  MAX CORRECT=  1.88E-02  DAMP= 1.000
 ITER=  2  MAX CORRECT=  3.12E-04  DAMP= 1.000
   21  3.2736E+09  2.1536E+08   2  8.926E-01  9.009E-01  5.922E+03  1.520E+07  1.097E+02  1.868E+17  4.898E-01
 ITER=  1  MAX CORRECT=  1.83E-02  DAMP= 1.000
 ITER=  2  MAX CORRECT=  3.09E-04  DAMP= 1.000
   22  3.4800E+09  2.0645E+08   2  9.088E-01  9.027E-01  5.943E+03  1.531E+07  1.128E+02  1.909E+17  4.751E-01
 ITER=  1  MAX CORRECT=  1.79E-02  DAMP= 1.000
 ITER=  2  MAX CORRECT=  3.06E-04  DAMP= 1.000
   23  3.6777E+09  1.9770E+08   2  9.249E-01  9.044E-01  5.963E+03  1.542E+07  1.159E+02  1.950E+17  4.609E-01
 ITER=  1  MAX CORRECT=  1.74E-02  DAMP= 1.000
 ITER=  2  MAX CORRECT=  3.03E-04  DAMP= 1.000
   24  3.8668E+09  1.8912E+08   2  9.408E-01  9.061E-01  5.983E+03  1.554E+07  1.191E+02  1.992E+17  4.471E-01
 ITER=  1  MAX CORRECT=  1.69E-02  DAMP= 1.000
 ITER=  2  MAX CORRECT=  3.00E-04  DAMP= 1.000
   25  4.0475E+09  1.8069E+08   2  9.565E-01  9.079E-01  6.002E+03  1.565E+07  1.222E+02  2.032E+17  4.337E-01
 ITER=  1  MAX CORRECT=  1.64E-02  DAMP= 1.000
 ITER=  2  MAX CORRECT=  2.96E-04  DAMP= 1.000
   26  4.2199E+09  1.7241E+08   2  9.720E-01  9.096E-01  6.021E+03  1.576E+07  1.254E+02  2.073E+17  4.206E-01
 ITER=  1  MAX CORRECT=  1.58E-02  DAMP= 1.000
 ITER=  2  MAX CORRECT=  2.93E-04  DAMP= 1.000
   27  4.3842E+09  1.6427E+08   2  9.872E-01  9.113E-01  6.038E+03  1.587E+07  1.285E+02  2.113E+17  4.080E-01
 ITER=  1  MAX CORRECT=  1.52E-02  DAMP= 1.000
 ITER=  2  MAX CORRECT=  2.88E-04  DAMP= 1.000
   28  4.5405E+09  1.5629E+08   2  1.002E+00  9.130E-01  6.055E+03  1.598E+07  1.316E+02  2.152E+17  3.958E-01
 ITER=  1  MAX CORRECT=  1.46E-02  DAMP= 1.000
 ITER=  2  MAX CORRECT=  2.84E-04  DAMP= 1.000
   29  4.6890E+09  1.4847E+08   2  1.016E+00  9.147E-01  6.071E+03  1.608E+07  1.347E+02  2.191E+17  3.839E-01
 ITER=  1  MAX CORRECT=  1.40E-02  DAMP= 1.000
 ITER=  2  MAX CORRECT=  2.79E-04  DAMP= 1.000
   30  4.8298E+09  1.4082E+08   2  1.031E+00  9.164E-01  6.086E+03  1.619E+07  1.377E+02  2.228E+17  3.724E-01
 ITER=  1  MAX CORRECT=  1.34E-02  DAMP= 1.000
 ITER=  2  MAX CORRECT=  2.74E-04  DAMP= 1.000
   31  4.9632E+09  1.3337E+08   2  1.044E+00  9.181E-01  6.101E+03  1.629E+07  1.407E+02  2.265E+17  3.612E-01
 ITER=  1  MAX CORRECT=  1.28E-02  DAMP= 1.000
 ITER=  2  MAX CORRECT=  2.69E-04  DAMP= 1.000
   32  5.0893E+09  1.2613E+08   2  1.057E+00  9.197E-01  6.115E+03  1.640E+07  1.436E+02  2.300E+17  3.504E-01
 ITER=  1  MAX CORRECT=  1.21E-02  DAMP= 1.000
 ITER=  2  MAX CORRECT=  2.63E-04  DAMP= 1.000
   33  5.2084E+09  1.1912E+08   2  1.070E+00  9.214E-01  6.127E+03  1.650E+07  1.465E+02  2.334E+17  3.399E-01
 ITER=  1  MAX CORRECT=  1.15E-02  DAMP= 1.000
 ITER=  2  MAX CORRECT=  2.57E-04  DAMP= 1.000
   34  5.3208E+09  1.1236E+08   2  1.082E+00  9.230E-01  6.139E+03  1.660E+07  1.492E+02  2.366E+17  3.297E-01
 ITER=  1  MAX CORRECT=  1.09E-02  DAMP= 1.000
 ITER=  2  MAX CORRECT=  2.50E-04  DAMP= 1.000
   35  5.4266E+09  1.0586E+08   2  1.094E+00  9.246E-01  6.150E+03  1.669E+07  1.520E+02  2.397E+17  3.198E-01
 ITER=  1  MAX CORRECT=  1.03E-02  DAMP= 1.000
 ITER=  2  MAX CORRECT=  2.43E-04  DAMP= 1.000
   36  5.5263E+09  9.9640E+07   2  1.105E+00  9.262E-01  6.161E+03  1.679E+07  1.546E+02  2.427E+17  3.102E-01
 ITER=  1  MAX CORRECT=  9.70E-03  DAMP= 1.000
 ITER=  2  MAX CORRECT=  2.36E-04  DAMP= 1.000
   37  5.6200E+09  9.3714E+07   2  1.115E+00  9.277E-01  6.170E+03  1.688E+07  1.571E+02  2.455E+17  3.009E-01
 ITER=  1  MAX CORRECT=  9.14E-03  DAMP= 1.000
 ITER=  2  MAX CORRECT=  2.29E-04  DAMP= 1.000
   38  5.7081E+09  8.8090E+07   2  1.126E+00  9.292E-01  6.179E+03  1.697E+07  1.596E+02  2.482E+17  2.919E-01
 ITER=  1  MAX CORRECT=  8.59E-03  DAMP= 1.000
 ITER=  2  MAX CORRECT=  2.21E-04  DAMP= 1.000
   39  5.7908E+09  8.2772E+07   2  1.135E+00  9.306E-01  6.187E+03  1.706E+07  1.620E+02  2.507E+17  2.831E-01
 ITER=  1  MAX CORRECT=  8.07E-03  DAMP= 1.000
 ITER=  2  MAX CORRECT=  2.14E-04  DAMP= 1.000
   40  5.8686E+09  7.7763E+07   2  1.144E+00  9.321E-01  6.195E+03  1.714E+07  1.643E+02  2.531E+17  2.746E-01
0  J      XI       M/M         R          L          T        RHO          P         X      KAPPA        EPS  CV
   1  0.0000  0.00000  0.000E+00  0.000E+00  1.714E+07  1.643E+02  2.531E+17  2.746E-01  1.477E+00  2.251E+01  0
   2  0.0067  0.00000  2.040E+08  1.315E+29  1.714E+07  1.642E+02  2.529E+17  2.750E-01  1.477E+00  2.247E+01  0
   3  0.0133  0.00002  4.066E+08  1.036E+30  1.712E+07  1.638E+02  2.525E+17  2.762E-01  1.478E+00  2.235E+01  0
   4  0.0200  0.00008  6.082E+08  3.441E+30  1.710E+07  1.631E+02  2.517E+17  2.781E-01  1.481E+00  2.216E+01  0
   5  0.0267  0.00018  8.091E+08  8.016E+30  1.708E+07  1.622E+02  2.506E+17  2.808E-01  1.484E+00  2.190E+01  0
   6  0.0333  0.00035  1.009E+09  1.536E+31  1.704E+07  1.610E+02  2.493E+17  2.842E-01  1.488E+00  2.158E+01  0
   7  0.0400  0.00060  1.209E+09  2.598E+31  1.700E+07  1.597E+02  2.477E+17  2.882E-01  1.492E+00  2.120E+01  0
   8  0.0467  0.00094  1.409E+09  4.033E+31  1.695E+07  1.581E+02  2.458E+17  2.928E-01  1.498E+00  2.077E+01  0
   9  0.0533  0.00140  1.608E+09  5.875E+31  1.690E+07  1.563E+02  2.437E+17  2.980E-01  1.504E+00  2.029E+01  0
  10  0.0600  0.00197  1.807E+09  8.152E+31  1.684E+07  1.544E+02  2.414E+17  3.037E-01  1.511E+00  1.979E+01  0
  11  0.0667  0.00267  2.007E+09  1.088E+32  1.677E+07  1.523E+02  2.388E+17  3.098E-01  1.519E+00  1.926E+01  0
  12  0.0733  0.00352  2.206E+09  1.408E+32  1.670E+07  1.501E+02  2.360E+17  3.163E-01  1.527E+00  1.871E+01  0
  13  0.0800  0.00452  2.406E+09  1.775E+32  1.662E+07  1.478E+02  2.331E+17  3.232E-01  1.536E+00  1.816E+01  0
  14  0.0867  0.00568  2.606E+09  2.190E+32  1.654E+07  1.454E+02  2.299E+17  3.305E-01  1.545E+00  1.759E+01  0
  15  0.0933  0.00702  2.807E+09  2.651E+32  1.645E+07  1.429E+02  2.266E+17  3.380E-01  1.556E+00  1.703E+01  0
  16  0.1000  0.00854  3.008E+09  3.159E+32  1.636E+07  1.403E+02  2.231E+17  3.457E-01  1.566E+00  1.648E+01  0
  17  0.1067  0.01026  3.210E+09  3.712E+32  1.626E+07  1.377E+02  2.195E+17  3.537E-01  1.577E+00  1.594E+01  0
  18  0.1133  0.01217  3.412E+09  4.309E+32  1.617E+07  1.350E+02  2.158E+17  3.618E-01  1.589E+00  1.541E+01  0
  19  0.1200  0.01429  3.616E+09  4.948E+32  1.606E+07  1.323E+02  2.119E+17  3.701E-01  1.601E+00  1.490E+01  0
  20  0.1267  0.01662  3.820E+09  5.629E+32  1.596E+07  1.296E+02  2.080E+17  3.785E-01  1.614E+00  1.441E+01  0
  21  0.1333  0.01918  4.025E+09  6.349E+32  1.585E+07  1.268E+02  2.039E+17  3.871E-01  1.627E+00  1.393E+01  0
  22  0.1400  0.02196  4.230E+09  7.106E+32  1.574E+07  1.240E+02  1.998E+17  3.957E-01  1.640E+00  1.347E+01  0
  23  0.1467  0.02497  4.437E+09  7.900E+32  1.562E+07  1.213E+02  1.956E+17  4.044E-01  1.654E+00  1.303E+01  0
  24  0.1533  0.02821  4.645E+09  8.727E+32  1.551E+07  1.185E+02  1.914E+17  4.131E-01  1.669E+00  1.261E+01  0
  25  0.1600  0.03170  4.854E+09  9.587E+32  1.539E+07  1.157E+02  1.871E+17  4.219E-01  1.684E+00  1.219E+01  0
  26  0.1667  0.03542  5.064E+09  1.048E+33  1.527E+07  1.129E+02  1.827E+17  4.307E-01  1.699E+00  1.180E+01  0
  27  0.1733  0.03940  5.275E+09  1.139E+33  1.515E+07  1.102E+02  1.784E+17  4.395E-01  1.715E+00  1.141E+01  0
  28  0.1800  0.04362  5.487E+09  1.234E+33  1.502E+07  1.075E+02  1.740E+17  4.483E-01  1.731E+00  1.104E+01  0
  29  0.1867  0.04809  5.700E+09  1.330E+33  1.489E+07  1.047E+02  1.696E+17  4.572E-01  1.748E+00  1.067E+01  0
  30  0.1933  0.05282  5.915E+09  1.429E+33  1.477E+07  1.021E+02  1.652E+17  4.660E-01  1.765E+00  1.031E+01  0
  31  0.2000  0.05780  6.131E+09  1.530E+33  1.464E+07  9.941E+01  1.608E+17  4.748E-01  1.782E+00  9.962E+00  0
  32  0.2067  0.06304  6.348E+09  1.632E+33  1.450E+07  9.679E+01  1.564E+17  4.835E-01  1.800E+00  9.616E+00  0
  33  0.2133  0.06854  6.566E+09  1.735E+33  1.437E+07  9.420E+01  1.520E+17  4.922E-01  1.819E+00  9.273E+00  0
  34  0.2200  0.07428  6.786E+09  1.839E+33  1.424E+07  9.166E+01  1.477E+17  5.009E-01  1.838E+00  8.934E+00  0
  35  0.2267  0.08029  7.007E+09  1.944E+33  1.410E+07  8.915E+01  1.434E+17  5.094E-01  1.857E+00  8.598E+00  0
  36  0.2333  0.08655  7.229E+09  2.049E+33  1.396E+07  8.668E+01  1.391E+17  5.179E-01  1.877E+00  8.265E+00  0
  37  0.2400  0.09306  7.453E+09  2.154E+33  1.382E+07  8.425E+01  1.349E+17  5.263E-01  1.898E+00  7.934E+00  0
  38  0.2467  0.09983  7.679E+09  2.258E+33  1.369E+07  8.187E+01  1.307E+17  5.345E-01  1.919E+00  7.606E+00  0
  39  0.2533  0.10685  7.905E+09  2.362E+33  1.355E+07  7.953E+01  1.266E+17  5.426E-01  1.941E+00  7.280E+00  0
  40  0.2600  0.11411  8.133E+09  2.465E+33  1.340E+07  7.724E+01  1.225E+17  5.506E-01  1.963E+00  6.957E+00  0
  41  0.2667  0.12162  8.363E+09  2.567E+33  1.326E+07  7.500E+01  1.185E+17  5.584E-01  1.986E+00  6.638E+00  0
  42  0.2733  0.12938  8.594E+09  2.667E+33  1.312E+07  7.280E+01  1.145E+17  5.661E-01  2.010E+00  6.322E+00  0
  43  0.2800  0.13737  8.827E+09  2.765E+33  1.298E+07  7.065E+01  1.107E+17  5.735E-01  2.034E+00  6.010E+00  0
  44  0.2867  0.14560  9.061E+09  2.861E+33  1.283E+07  6.855E+01  1.068E+17  5.808E-01  2.058E+00  5.704E+00  0
  45  0.2933  0.15406  9.296E+09  2.954E+33  1.269E+07  6.649E+01  1.031E+17  5.879E-01  2.083E+00  5.403E+00  0
  46  0.3000  0.16275  9.533E+09  3.045E+33  1.255E+07  6.448E+01  9.941E+16  5.948E-01  2.109E+00  5.108E+00  0
  47  0.3067  0.17167  9.771E+09  3.133E+33  1.240E+07  6.252E+01  9.581E+16  6.014E-01  2.135E+00  4.821E+00  0
  48  0.3133  0.18080  1.001E+10  3.218E+33  1.226E+07  6.060E+01  9.228E+16  6.078E-01  2.162E+00  4.540E+00  0
  49  0.3200  0.19015  1.025E+10  3.300E+33  1.211E+07  5.873E+01  8.883E+16  6.140E-01  2.190E+00  4.268E+00  0
  50  0.3267  0.19970  1.050E+10  3.378E+33  1.197E+07  5.691E+01  8.545E+16  6.200E-01  2.218E+00  4.004E+00  0
  51  0.3333  0.20946  1.074E+10  3.454E+33  1.182E+07  5.512E+01  8.216E+16  6.257E-01  2.247E+00  3.749E+00  0
  52  0.3400  0.21941  1.099E+10  3.525E+33  1.168E+07  5.338E+01  7.894E+16  6.312E-01  2.276E+00  3.503E+00  0
  53  0.3467  0.22956  1.123E+10  3.594E+33  1.153E+07  5.168E+01  7.580E+16  6.364E-01  2.305E+00  3.267E+00  0
  54  0.3533  0.23989  1.148E+10  3.658E+33  1.139E+07  5.003E+01  7.274E+16  6.414E-01  2.336E+00  3.040E+00  0
  55  0.3600  0.25040  1.173E+10  3.720E+33  1.124E+07  4.841E+01  6.977E+16  6.461E-01  2.366E+00  2.824E+00  0
  56  0.3667  0.26108  1.199E+10  3.777E+33  1.110E+07  4.683E+01  6.687E+16  6.506E-01  2.398E+00  2.618E+00  0
  57  0.3733  0.27192  1.224E+10  3.832E+33  1.096E+07  4.529E+01  6.405E+16  6.549E-01  2.429E+00  2.423E+00  0
  58  0.3800  0.28292  1.250E+10  3.883E+33  1.081E+07  4.379E+01  6.131E+16  6.589E-01  2.461E+00  2.237E+00  0
  59  0.3867  0.29408  1.275E+10  3.930E+33  1.067E+07  4.232E+01  5.865E+16  6.627E-01  2.494E+00  2.062E+00  0
  60  0.3933  0.30537  1.301E+10  3.975E+33  1.053E+07  4.089E+01  5.607E+16  6.663E-01  2.527E+00  1.896E+00  0
  61  0.4000  0.31681  1.327E+10  4.016E+33  1.039E+07  3.949E+01  5.357E+16  6.697E-01  2.561E+00  1.741E+00  0
  62  0.4067  0.32836  1.354E+10  4.054E+33  1.025E+07  3.813E+01  5.115E+16  6.728E-01  2.594E+00  1.595E+00  0
  63  0.4133  0.34004  1.380E+10  4.090E+33  1.010E+07  3.680E+01  4.880E+16  6.758E-01  2.629E+00  1.459E+00  0
  64  0.4200  0.35184  1.407E+10  4.122E+33  9.965E+06  3.551E+01  4.653E+16  6.785E-01  2.663E+00  1.331E+00  0
  65  0.4267  0.36373  1.433E+10  4.152E+33  9.825E+06  3.424E+01  4.433E+16  6.811E-01  2.698E+00  1.213E+00  0
  66  0.4333  0.37572  1.460E+10  4.180E+33  9.686E+06  3.301E+01  4.221E+16  6.835E-01  2.734E+00  1.102E+00  0
  67  0.4400  0.38780  1.487E+10  4.205E+33  9.548E+06  3.180E+01  4.016E+16  6.857E-01  2.769E+00  1.000E+00  0
  68  0.4467  0.39995  1.515E+10  4.228E+33  9.410E+06  3.063E+01  3.818E+16  6.878E-01  2.805E+00  9.056E-01  0
  69  0.4533  0.41218  1.542E+10  4.249E+33  9.273E+06  2.948E+01  3.627E+16  6.897E-01  2.841E+00  8.184E-01  0
  70  0.4600  0.42447  1.570E+10  4.268E+33  9.137E+06  2.837E+01  3.443E+16  6.914E-01  2.878E+00  7.381E-01  0
  71  0.4667  0.43681  1.598E+10  4.285E+33  9.002E+06  2.728E+01  3.266E+16  6.930E-01  2.914E+00  6.644E-01  0
  72  0.4733  0.44919  1.626E+10  4.301E+33  8.867E+06  2.622E+01  3.095E+16  6.945E-01  2.951E+00  5.968E-01  0
  73  0.4800  0.46161  1.655E+10  4.315E+33  8.733E+06  2.518E+01  2.931E+16  6.959E-01  2.988E+00  5.350E-01  0
  74  0.4867  0.47406  1.683E+10  4.327E+33  8.599E+06  2.418E+01  2.774E+16  6.971E-01  3.026E+00  4.786E-01  0
  75  0.4933  0.48653  1.712E+10  4.338E+33  8.467E+06  2.320E+01  2.622E+16  6.982E-01  3.063E+00  4.273E-01  0
  76  0.5000  0.49900  1.741E+10  4.348E+33  8.335E+06  2.224E+01  2.477E+16  6.993E-01  3.101E+00  3.806E-01  0
  77  0.5067  0.51147  1.771E+10  4.357E+33  8.203E+06  2.131E+01  2.338E+16  7.002E-01  3.139E+00  3.383E-01  0
  78  0.5133  0.52394  1.801E+10  4.365E+33  8.073E+06  2.041E+01  2.205E+16  7.011E-01  3.177E+00  3.001E-01  0
  79  0.5200  0.53639  1.830E+10  4.372E+33  7.943E+06  1.953E+01  2.078E+16  7.018E-01  3.215E+00  2.656E-01  0
  80  0.5267  0.54881  1.861E+10  4.378E+33  7.814E+06  1.868E+01  1.956E+16  7.026E-01  3.253E+00  2.345E-01  0
  81  0.5333  0.56119  1.891E+10  4.383E+33  7.686E+06  1.785E+01  1.839E+16  7.032E-01  3.291E+00  2.066E-01  0
  82  0.5400  0.57353  1.922E+10  4.388E+33  7.558E+06  1.705E+01  1.728E+16  7.037E-01  3.329E+00  1.815E-01  0
  83  0.5467  0.58582  1.953E+10  4.392E+33  7.432E+06  1.627E+01  1.622E+16  7.043E-01  3.368E+00  1.592E-01  0
  84  0.5533  0.59805  1.985E+10  4.396E+33  7.305E+06  1.551E+01  1.521E+16  7.047E-01  3.406E+00  1.392E-01  0
  85  0.5600  0.61020  2.016E+10  4.399E+33  7.180E+06  1.478E+01  1.424E+16  7.051E-01  3.445E+00  1.214E-01  0
  86  0.5667  0.62228  2.048E+10  4.402E+33  7.055E+06  1.407E+01  1.333E+16  7.055E-01  3.484E+00  1.057E-01  0
  87  0.5733  0.63427  2.081E+10  4.404E+33  6.931E+06  1.338E+01  1.246E+16  7.058E-01  3.523E+00  9.170E-02  0
  88  0.5800  0.64616  2.114E+10  4.406E+33  6.808E+06  1.272E+01  1.163E+16  7.061E-01  3.561E+00  7.936E-02  0
  89  0.5867  0.65796  2.147E+10  4.408E+33  6.686E+06  1.207E+01  1.085E+16  7.064E-01  3.600E+00  6.849E-02  0
  90  0.5933  0.66964  2.180E+10  4.409E+33  6.564E+06  1.145E+01  1.010E+16  7.066E-01  3.639E+00  5.894E-02  0
  91  0.6000  0.68119  2.214E+10  4.410E+33  6.443E+06  1.086E+01  9.400E+15  7.068E-01  3.678E+00  5.057E-02  0
  92  0.6067  0.69263  2.249E+10  4.411E+33  6.322E+06  1.028E+01  8.736E+15  7.069E-01  3.717E+00  4.326E-02  0
  93  0.6133  0.70392  2.284E+10  4.412E+33  6.202E+06  9.723E+00  8.108E+15  7.071E-01  3.756E+00  3.689E-02  0
  94  0.6200  0.71508  2.319E+10  4.413E+33  6.083E+06  9.188E+00  7.515E+15  7.072E-01  3.795E+00  3.136E-02  0
  95  0.6267  0.72608  2.355E+10  4.414E+33  5.965E+06  8.674E+00  6.957E+15  7.073E-01  3.835E+00  2.656E-02  0
  96  0.6333  0.73692  2.391E+10  4.414E+33  5.847E+06  8.179E+00  6.432E+15  7.074E-01  3.874E+00  2.242E-02  0
  97  0.6400  0.74760  2.427E+10  4.415E+33  5.730E+06  7.705E+00  5.937E+15  7.075E-01  3.913E+00  1.886E-02  0
  98  0.6467  0.75811  2.465E+10  4.415E+33  5.614E+06  7.249E+00  5.474E+15  7.076E-01  3.953E+00  1.581E-02  0
  99  0.6533  0.76844  2.502E+10  4.415E+33  5.498E+06  6.813E+00  5.038E+15  7.077E-01  3.993E+00  1.320E-02  0
 100  0.6600  0.77859  2.541E+10  4.415E+33  5.383E+06  6.396E+00  4.631E+15  7.077E-01  4.032E+00  1.098E-02  0
 101  0.6667  0.78854  2.579E+10  4.416E+33  5.269E+06  5.996E+00  4.250E+15  7.078E-01  4.072E+00  9.089E-03  0
 102  0.6733  0.79830  2.619E+10  4.416E+33  5.155E+06  5.615E+00  3.893E+15  7.078E-01  4.112E+00  7.495E-03  0
 103  0.6800  0.80785  2.659E+10  4.416E+33  5.042E+06  5.250E+00  3.561E+15  7.078E-01  4.152E+00  6.153E-03  0
 104  0.6867  0.81720  2.699E+10  4.416E+33  4.930E+06  4.903E+00  3.252E+15  7.079E-01  4.192E+00  5.029E-03  0
 105  0.6933  0.82633  2.741E+10  4.416E+33  4.818E+06  4.573E+00  2.964E+15  7.079E-01  4.233E+00  4.090E-03  0
 106  0.7000  0.83525  2.783E+10  4.416E+33  4.707E+06  4.258E+00  2.697E+15  7.079E-01  4.274E+00  3.309E-03  0
 107  0.7067  0.84394  2.825E+10  4.416E+33  4.597E+06  3.960E+00  2.449E+15  7.079E-01  4.314E+00  2.664E-03  0
 108  0.7133  0.85240  2.869E+10  4.416E+33  4.487E+06  3.676E+00  2.219E+15  7.079E-01  4.356E+00  2.133E-03  0
 109  0.7200  0.86063  2.913E+10  4.416E+33  4.378E+06  3.408E+00  2.007E+15  7.080E-01  4.397E+00  1.698E-03  0
 110  0.7267  0.86862  2.957E+10  4.416E+33  4.270E+06  3.154E+00  1.812E+15  7.080E-01  4.439E+00  1.344E-03  0
 111  0.7333  0.87638  3.003E+10  4.416E+33  4.162E+06  2.914E+00  1.632E+15  7.080E-01  4.481E+00  1.057E-03  0
 112  0.7400  0.88389  3.049E+10  4.416E+33  4.055E+06  2.687E+00  1.466E+15  7.080E-01  4.523E+00  8.259E-04  0
 113  0.7467  0.89115  3.097E+10  4.416E+33  3.949E+06  2.474E+00  1.314E+15  7.080E-01  4.566E+00  6.410E-04  0
 114  0.7533  0.89817  3.145E+10  4.416E+33  3.844E+06  2.273E+00  1.175E+15  7.080E-01  4.609E+00  4.939E-04  0
 115  0.7600  0.90494  3.194E+10  4.416E+33  3.739E+06  2.084E+00  1.048E+15  7.080E-01  4.653E+00  3.777E-04  0
 116  0.7667  0.91145  3.244E+10  4.416E+33  3.635E+06  1.907E+00  9.325E+14  7.080E-01  4.697E+00  2.866E-04  0
 117  0.7733  0.91771  3.294E+10  4.416E+33  3.531E+06  1.741E+00  8.272E+14  7.080E-01  4.742E+00  2.157E-04  0
 118  0.7800  0.92371  3.346E+10  4.416E+33  3.428E+06  1.586E+00  7.317E+14  7.080E-01  4.787E+00  1.609E-04  0
 119  0.7867  0.92946  3.399E+10  4.416E+33  3.326E+06  1.442E+00  6.452E+14  7.080E-01  4.833E+00  1.189E-04  0
 120  0.7933  0.93496  3.453E+10  4.416E+33  3.225E+06  1.307E+00  5.672E+14  7.080E-01  4.880E+00  8.703E-05  0
 121  0.8000  0.94020  3.508E+10  4.416E+33  3.124E+06  1.182E+00  4.969E+14  7.080E-01  4.927E+00  6.304E-05  0
 122  0.8067  0.94518  3.564E+10  4.416E+33  3.024E+06  1.066E+00  4.338E+14  7.080E-01  4.976E+00  4.517E-05  0
 123  0.8133  0.94991  3.622E+10  4.416E+33  2.925E+06  9.589E-01  3.774E+14  7.080E-01  5.025E+00  3.199E-05  0
 124  0.8200  0.95438  3.680E+10  4.416E+33  2.827E+06  8.599E-01  3.270E+14  7.080E-01  5.075E+00  2.238E-05  0
 125  0.8267  0.95860  3.740E+10  4.416E+33  2.729E+06  7.686E-01  2.823E+14  7.080E-01  5.127E+00  1.546E-05  0
 126  0.8333  0.96258  3.801E+10  4.416E+33  2.633E+06  6.849E-01  2.426E+14  7.080E-01  5.179E+00  1.053E-05  0
 127  0.8400  0.96630  3.863E+10  4.416E+33  2.537E+06  6.081E-01  2.076E+14  7.080E-01  5.233E+00  7.067E-06  0
 128  0.8467  0.96979  3.926E+10  4.416E+33  2.442E+06  5.381E-01  1.768E+14  7.080E-01  5.289E+00  4.669E-06  0
 129  0.8533  0.97303  3.991E+10  4.416E+33  2.348E+06  4.743E-01  1.498E+14  7.080E-01  5.346E+00  3.035E-06  0
 130  0.8600  0.97604  4.057E+10  4.416E+33  2.254E+06  4.165E-01  1.263E+14  7.080E-01  5.404E+00  1.938E-06  0
 131  0.8667  0.97882  4.125E+10  4.416E+33  2.162E+06  3.642E-01  1.060E+14  7.080E-01  5.465E+00  1.215E-06  0
 132  0.8733  0.98138  4.193E+10  4.416E+33  2.072E+06  3.172E-01  8.840E+13  7.080E-01  5.527E+00  7.469E-07  0
 133  0.8800  0.98371  4.263E+10  4.416E+33  1.982E+06  2.750E-01  7.334E+13  7.080E-01  5.591E+00  4.498E-07  0
 134  0.8867  0.98583  4.334E+10  4.416E+33  1.894E+06  2.375E-01  6.050E+13  7.080E-01  5.658E+00  2.652E-07  0
 135  0.8933  0.98774  4.406E+10  4.416E+33  1.807E+06  2.041E-01  4.963E+13  7.080E-01  5.726E+00  1.530E-07  0
 136  0.9000  0.98946  4.479E+10  4.416E+33  1.722E+06  1.748E-01  4.049E+13  7.080E-01  5.797E+00  8.639E-08  0
 137  0.9067  0.99098  4.552E+10  4.416E+33  1.639E+06  1.491E-01  3.288E+13  7.080E-01  5.870E+00  4.775E-08  0
 138  0.9133  0.99232  4.625E+10  4.416E+33  1.559E+06  1.267E-01  2.659E+13  7.080E-01  5.945E+00  2.589E-08  0
 139  0.9200  0.99348  4.698E+10  4.416E+33  1.482E+06  1.075E-01  2.144E+13  7.080E-01  6.021E+00  1.381E-08  0
 140  0.9267  0.99448  4.769E+10  4.416E+33  1.408E+06  9.120E-02  1.728E+13  7.080E-01  6.098E+00  7.295E-09  0
 141  0.9333  0.99533  4.838E+10  4.416E+33  1.339E+06  7.749E-02  1.396E+13  7.080E-01  6.176E+00  3.847E-09  0
 142  0.9400  0.99603  4.903E+10  4.416E+33  1.275E+06  6.615E-02  1.135E+13  7.080E-01  6.251E+00  2.051E-09  0
 143  0.9467  0.99660  4.964E+10  4.416E+33  1.218E+06  5.698E-02  9.337E+12  7.080E-01  6.323E+00  1.124E-09  0
 144  0.9533  0.99705  5.017E+10  4.416E+33  1.168E+06  4.974E-02  7.817E+12  7.080E-01  6.390E+00  6.464E-10  0
 145  0.9600  0.99740  5.063E+10  4.416E+33  1.126E+06  4.424E-02  6.704E+12  7.080E-01  6.448E+00  3.986E-10  0
 146  0.9667  0.99765  5.099E+10  4.416E+33  1.094E+06  4.023E-02  5.921E+12  7.080E-01  6.495E+00  2.688E-10  0
 147  0.9733  0.99782  5.126E+10  4.416E+33  1.070E+06  3.751E-02  5.403E+12  7.080E-01  6.530E+00  2.005E-10  0
 148  0.9800  0.99792  5.142E+10  4.416E+33  1.055E+06  3.584E-02  5.090E+12  7.080E-01  6.553E+00  1.656E-10  0
 149  0.9867  0.99798  5.152E+10  4.416E+33  1.047E+06  3.498E-02  4.930E+12  7.080E-01  6.566E+00  1.494E-10  0
 150  0.9933  0.99800  5.155E+10  4.416E+33  1.045E+06  3.466E-02  4.872E+12  7.080E-01  6.570E+00  1.438E-10  0
 151  1.0000  0.99800  5.155E+10  4.416E+33  1.044E+06  3.463E-02  4.866E+12  7.080E-01  6.571E+00  1.432E-10  0
 ITER=  1  MAX CORRECT=  7.57E-03  DAMP= 1.000
 ITER=  2  MAX CORRECT=  2.06E-04  DAMP= 1.000
   41  5.9417E+09  7.3059E+07   2  1.153E+00  9.335E-01  6.202E+03  1.722E+07  1.666E+02  2.553E+17  2.664E-01
 ITER=  1  MAX CORRECT=  7.10E-03  DAMP= 1.000
 ITER=  2  MAX CORRECT=  1.98E-04  DAMP= 1.000
   42  6.0103E+09  6.8656E+07   2  1.161E+00  9.348E-01  6.208E+03  1.730E+07  1.687E+02  2.574E+17  2.584E-01
 ITER=  1  MAX CORRECT=  6.67E-03  DAMP= 1.000
 ITER=  2  MAX CORRECT=  1.91E-04  DAMP= 1.000
   43  6.0749E+09  6.4544E+07   2  1.168E+00  9.361E-01  6.214E+03  1.738E+07  1.708E+02  2.594E+17  2.506E-01
 ITER=  1  MAX CORRECT=  6.26E-03  DAMP= 1.000
 ITER=  2  MAX CORRECT=  8.76E-03  DAMP= 1.000
 ITER=  3  MAX CORRECT=  1.73E-02  DAMP= 1.000
 ITER=  4  MAX CORRECT=  1.84E-04  DAMP= 1.000
   44  6.1356E+09  6.0715E+07   4  1.174E+00  9.375E-01  6.217E+03  1.791E+07  1.678E+02  2.603E+17  2.431E-01
 ITER=  1  MAX CORRECT=  3.60E-02  DAMP= 1.000
 ITER=  2  MAX CORRECT=  4.60E-02  DAMP= 1.000
 ITER=  3  MAX CORRECT=  4.92E-02  DAMP= 1.000
 ITER=  4  MAX CORRECT=  2.01E-02  DAMP= 1.000
 ITER=  5  MAX CORRECT=  1.62E-02  DAMP= 1.000
 ITER=  6  MAX CORRECT=  8.25E-03  DAMP= 1.000
 ITER=  7  MAX CORRECT=  8.02E-03  DAMP= 1.000
 ITER=  8  MAX CORRECT=  6.75E-05  DAMP= 1.000
   45  6.1761E+09  4.0534E+07   8  1.073E+00  9.574E-01  6.015E+03  2.001E+07  1.102E+02  1.932E+17  2.518E-01
 ITER=  1  MAX CORRECT=  1.35E-01  DAMP= 1.000
 ITER=  2  MAX CORRECT=  2.86E-01  DAMP= 0.699
 ITER=  3  MAX CORRECT=  4.69E-01  DAMP= 0.426
 ITER=  4  MAX CORRECT=  4.08E-02  DAMP= 1.000
 ITER=  5  MAX CORRECT=  5.06E-02  DAMP= 1.000
 ITER=  6  MAX CORRECT=  5.29E-03  DAMP= 1.000
 ITER=  7  MAX CORRECT=  1.24E-05  DAMP= 1.000
   46  6.1861E+09  1.0032E+07   7  1.177E+00  9.474E-01  6.188E+03  1.727E+07  1.415E+02  2.430E+17  3.672E-01
 ITER=  1  MAX CORRECT=  8.78E-03  DAMP= 1.000
 ITER=  2  MAX CORRECT=  4.28E-04  DAMP= 1.000
   47  6.1962E+09  1.0032E+07   2  1.183E+00  9.413E-01  6.217E+03  1.738E+07  1.451E+02  2.505E+17  3.659E-01
 ITER=  1  MAX CORRECT=  2.55E-03  DAMP= 1.000
 ITER=  2  MAX CORRECT=  3.62E-05  DAMP= 1.000
   48  6.2102E+09  1.4044E+07   2  1.180E+00  9.397E-01  6.218E+03  1.741E+07  1.457E+02  2.516E+17  3.648E-01
 ITER=  1  MAX CORRECT=  1.27E-03  DAMP= 1.000
 ITER=  2  MAX CORRECT=  1.25E-05  DAMP= 1.000
   49  6.2299E+09  1.9662E+07   2  1.181E+00  9.398E-01  6.219E+03  1.744E+07  1.462E+02  2.522E+17  3.628E-01
 ITER=  1  MAX CORRECT=  2.75E-03  DAMP= 1.000
 ITER=  2  MAX CORRECT=  2.24E-05  DAMP= 1.000
   50  6.2574E+09  2.7527E+07   2  1.185E+00  9.404E-01  6.221E+03  1.746E+07  1.468E+02  2.530E+17  3.599E-01
 ITER=  1  MAX CORRECT=  3.99E-03  DAMP= 1.000
 ITER=  2  MAX CORRECT=  4.44E-05  DAMP= 1.000
   51  6.2959E+09  3.8537E+07   2  1.189E+00  9.413E-01  6.224E+03  1.750E+07  1.478E+02  2.542E+17  3.558E-01
 ITER=  1  MAX CORRECT=  5.60E-03  DAMP= 1.000
 ITER=  2  MAX CORRECT=  9.03E-05  DAMP= 1.000
   52  6.3499E+09  5.3952E+07   2  1.196E+00  9.426E-01  6.229E+03  1.756E+07  1.491E+02  2.557E+17  3.501E-01
 ITER=  1  MAX CORRECT=  5.55E-03  DAMP= 1.000
 ITER=  2  MAX CORRECT=  7.29E-03  DAMP= 1.000
 ITER=  3  MAX CORRECT=  9.62E-04  DAMP= 1.000
 ITER=  4  MAX CORRECT=  4.27E-06  DAMP= 1.000
   53  6.4034E+09  5.3520E+07   4  1.196E+00  9.445E-01  6.222E+03  1.773E+07  1.468E+02  2.527E+17  3.443E-01
 ITER=  1  MAX CORRECT=  1.08E-02  DAMP= 1.000
 ITER=  2  MAX CORRECT=  7.26E-03  DAMP= 1.000
 ITER=  3  MAX CORRECT=  1.74E-04  DAMP= 1.000
   54  6.4515E+09  4.8078E+07   3  1.202E+00  9.458E-01  6.227E+03  1.778E+07  1.485E+02  2.546E+17  3.384E-01
 ITER=  1  MAX CORRECT=  9.61E-03  DAMP= 1.000
 ITER=  2  MAX CORRECT=  9.54E-05  DAMP= 1.000
   55  6.4976E+09  4.6136E+07   2  1.214E+00  9.464E-01  6.240E+03  1.771E+07  1.524E+02  2.598E+17  3.363E-01
 ITER=  1  MAX CORRECT=  4.90E-03  DAMP= 1.000
 ITER=  2  MAX CORRECT=  8.07E-05  DAMP= 1.000
   56  6.5451E+09  4.7466E+07   2  1.220E+00  9.475E-01  6.243E+03  1.776E+07  1.536E+02  2.612E+17  3.312E-01
 ITER=  1  MAX CORRECT=  4.67E-03  DAMP= 1.000
 ITER=  2  MAX CORRECT=  7.30E-05  DAMP= 1.000
   57  6.5906E+09  4.5452E+07   2  1.225E+00  9.487E-01  6.247E+03  1.781E+07  1.548E+02  2.625E+17  3.262E-01
 ITER=  1  MAX CORRECT=  4.48E-03  DAMP= 1.000
 ITER=  2  MAX CORRECT=  6.07E-03  DAMP= 1.000
 ITER=  3  MAX CORRECT=  1.26E-02  DAMP= 1.000
 ITER=  4  MAX CORRECT=  2.59E-04  DAMP= 1.000
   58  6.6342E+09  4.3616E+07   4  1.214E+00  9.517E-01  6.222E+03  1.808E+07  1.474E+02  2.524E+17  3.214E-01
 ITER=  1  MAX CORRECT=  1.84E-02  DAMP= 1.000
 ITER=  2  MAX CORRECT=  1.30E-03  DAMP= 1.000
 ITER=  3  MAX CORRECT=  5.68E-06  DAMP= 1.000
   59  6.6714E+09  3.7189E+07   3  1.235E+00  9.513E-01  6.251E+03  1.789E+07  1.562E+02  2.642E+17  3.200E-01
 ITER=  1  MAX CORRECT=  4.27E-03  DAMP= 1.000
 ITER=  2  MAX CORRECT=  7.30E-05  DAMP= 1.000
   60  6.7123E+09  4.0930E+07   2  1.241E+00  9.522E-01  6.254E+03  1.794E+07  1.574E+02  2.657E+17  3.155E-01
0  J      XI       M/M         R          L          T        RHO          P         X      KAPPA        EPS  CV
   1  0.0000  0.00000  0.000E+00  0.000E+00  1.794E+07  1.574E+02  2.657E+17  3.155E-01  1.290E+00  4.820E+01  1
   2  0.0067  0.00000  2.070E+08  2.812E+29  1.794E+07  1.573E+02  2.655E+17  3.155E-01  1.290E+00  4.803E+01  1
   3  0.0133  0.00002  4.123E+08  2.209E+30  1.793E+07  1.572E+02  2.651E+17  3.155E-01  1.292E+00  4.753E+01  1
   4  0.0200  0.00008  6.165E+08  7.300E+30  1.791E+07  1.569E+02  2.644E+17  3.155E-01  1.294E+00  4.673E+01  1
   5  0.0267  0.00018  8.196E+08  1.688E+31  1.788E+07  1.566E+02  2.634E+17  3.155E-01  1.297E+00  4.563E+01  1
   6  0.0333  0.00035  1.022E+09  3.206E+31  1.784E+07  1.561E+02  2.621E+17  3.155E-01  1.301E+00  4.427E+01  1
   7  0.0400  0.00060  1.222E+09  5.365E+31  1.780E+07  1.555E+02  2.606E+17  3.155E-01  1.306E+00  4.269E+01  1
   8  0.0467  0.00094  1.422E+09  8.222E+31  1.775E+07  1.549E+02  2.588E+17  3.155E-01  1.312E+00  4.092E+01  1
   9  0.0533  0.00140  1.622E+09  1.181E+32  1.770E+07  1.542E+02  2.567E+17  3.155E-01  1.318E+00  3.900E+01  1
  10  0.0600  0.00197  1.820E+09  1.612E+32  1.764E+07  1.534E+02  2.545E+17  3.155E-01  1.326E+00  3.696E+01  1
  11  0.0667  0.00267  2.017E+09  2.114E+32  1.757E+07  1.524E+02  2.520E+17  3.155E-01  1.335E+00  3.484E+01  1
  12  0.0733  0.00352  2.214E+09  2.682E+32  1.749E+07  1.515E+02  2.492E+17  3.155E-01  1.344E+00  3.269E+01  1
  13  0.0800  0.00452  2.410E+09  3.311E+32  1.741E+07  1.504E+02  2.463E+17  3.155E-01  1.354E+00  3.052E+01  1
  14  0.0867  0.00568  2.606E+09  3.993E+32  1.732E+07  1.492E+02  2.432E+17  3.155E-01  1.366E+00  2.837E+01  1
  15  0.0933  0.00702  2.801E+09  4.721E+32  1.722E+07  1.480E+02  2.398E+17  3.155E-01  1.378E+00  2.627E+01  1
  16  0.1000  0.00854  2.996E+09  5.485E+32  1.712E+07  1.467E+02  2.363E+17  3.155E-01  1.391E+00  2.424E+01  1
  17  0.1067  0.01026  3.190E+09  6.278E+32  1.702E+07  1.453E+02  2.326E+17  3.155E-01  1.406E+00  2.229E+01  1
  18  0.1133  0.01217  3.384E+09  7.091E+32  1.690E+07  1.439E+02  2.288E+17  3.155E-01  1.421E+00  2.045E+01  1
  19  0.1200  0.01429  3.577E+09  7.916E+32  1.678E+07  1.423E+02  2.248E+17  3.155E-01  1.438E+00  1.871E+01  1
  20  0.1267  0.01662  3.771E+09  8.746E+32  1.666E+07  1.408E+02  2.206E+17  3.155E-01  1.455E+00  1.708E+01  1
  21  0.1333  0.01918  3.964E+09  9.575E+32  1.653E+07  1.391E+02  2.164E+17  3.155E-01  1.474E+00  1.558E+01  1
  22  0.1400  0.02196  4.157E+09  1.040E+33  1.640E+07  1.374E+02  2.119E+17  3.155E-01  1.495E+00  1.419E+01  1
  23  0.1467  0.02497  4.350E+09  1.121E+33  1.625E+07  1.356E+02  2.074E+17  3.155E-01  1.516E+00  1.292E+01  0
  24  0.1533  0.02821  4.543E+09  1.201E+33  1.611E+07  1.335E+02  2.028E+17  3.176E-01  1.538E+00  1.186E+01  0
  25  0.1600  0.03170  4.738E+09  1.283E+33  1.596E+07  1.287E+02  1.981E+17  3.378E-01  1.556E+00  1.178E+01  0
  26  0.1667  0.03542  4.936E+09  1.367E+33  1.582E+07  1.265E+02  1.933E+17  3.399E-01  1.578E+00  1.088E+01  0
  27  0.1733  0.03940  5.134E+09  1.449E+33  1.567E+07  1.242E+02  1.884E+17  3.418E-01  1.600E+00  1.006E+01  0
  28  0.1800  0.04362  5.332E+09  1.531E+33  1.552E+07  1.219E+02  1.835E+17  3.436E-01  1.622E+00  9.322E+00  0
  29  0.1867  0.04809  5.537E+09  1.622E+33  1.537E+07  1.117E+02  1.786E+17  4.117E-01  1.628E+00  1.117E+01  0
  30  0.1933  0.05282  5.751E+09  1.725E+33  1.522E+07  1.086E+02  1.737E+17  4.221E-01  1.648E+00  1.073E+01  0
  31  0.2000  0.05780  5.965E+09  1.829E+33  1.508E+07  1.055E+02  1.687E+17  4.325E-01  1.668E+00  1.032E+01  0
  32  0.2067  0.06304  6.182E+09  1.934E+33  1.493E+07  1.024E+02  1.639E+17  4.427E-01  1.688E+00  9.921E+00  0
  33  0.2133  0.06854  6.399E+09  2.041E+33  1.477E+07  9.943E+01  1.590E+17  4.529E-01  1.708E+00  9.541E+00  0
  34  0.2200  0.07428  6.619E+09  2.148E+33  1.462E+07  9.650E+01  1.542E+17  4.630E-01  1.728E+00  9.173E+00  0
  35  0.2267  0.08029  6.839E+09  2.255E+33  1.447E+07  9.362E+01  1.495E+17  4.730E-01  1.749E+00  8.816E+00  0
  36  0.2333  0.08655  7.062E+09  2.363E+33  1.432E+07  9.081E+01  1.448E+17  4.829E-01  1.771E+00  8.467E+00  0
  37  0.2400  0.09306  7.286E+09  2.470E+33  1.417E+07  8.805E+01  1.401E+17  4.926E-01  1.793E+00  8.125E+00  0
  38  0.2467  0.09983  7.512E+09  2.577E+33  1.401E+07  8.536E+01  1.356E+17  5.023E-01  1.815E+00  7.788E+00  0
  39  0.2533  0.10685  7.739E+09  2.684E+33  1.386E+07  8.272E+01  1.311E+17  5.118E-01  1.837E+00  7.456E+00  0
  40  0.2600  0.11411  7.968E+09  2.789E+33  1.371E+07  8.015E+01  1.266E+17  5.211E-01  1.860E+00  7.128E+00  0
  41  0.2667  0.12162  8.199E+09  2.893E+33  1.355E+07  7.764E+01  1.223E+17  5.303E-01  1.884E+00  6.804E+00  0
  42  0.2733  0.12938  8.431E+09  2.996E+33  1.340E+07  7.519E+01  1.180E+17  5.392E-01  1.907E+00  6.484E+00  0
  43  0.2800  0.13737  8.665E+09  3.096E+33  1.324E+07  7.280E+01  1.138E+17  5.480E-01  1.932E+00  6.169E+00  0
  44  0.2867  0.14560  8.901E+09  3.195E+33  1.309E+07  7.047E+01  1.097E+17  5.566E-01  1.957E+00  5.858E+00  0
  45  0.2933  0.15406  9.138E+09  3.291E+33  1.294E+07  6.821E+01  1.057E+17  5.649E-01  1.982E+00  5.552E+00  0
  46  0.3000  0.16275  9.377E+09  3.384E+33  1.278E+07  6.600E+01  1.018E+17  5.730E-01  2.008E+00  5.253E+00  0
  47  0.3067  0.17167  9.618E+09  3.475E+33  1.263E+07  6.385E+01  9.792E+16  5.809E-01  2.034E+00  4.959E+00  0
  48  0.3133  0.18080  9.861E+09  3.562E+33  1.247E+07  6.177E+01  9.417E+16  5.885E-01  2.061E+00  4.673E+00  0
  49  0.3200  0.19015  1.011E+10  3.646E+33  1.232E+07  5.973E+01  9.050E+16  5.959E-01  2.088E+00  4.394E+00  0
  50  0.3267  0.19970  1.035E+10  3.727E+33  1.217E+07  5.776E+01  8.693E+16  6.029E-01  2.116E+00  4.123E+00  0
  51  0.3333  0.20946  1.060E+10  3.805E+33  1.201E+07  5.584E+01  8.345E+16  6.097E-01  2.144E+00  3.861E+00  0
  52  0.3400  0.21941  1.085E+10  3.879E+33  1.186E+07  5.397E+01  8.006E+16  6.162E-01  2.173E+00  3.608E+00  0
  53  0.3467  0.22956  1.110E+10  3.949E+33  1.171E+07  5.216E+01  7.677E+16  6.225E-01  2.202E+00  3.364E+00  0
  54  0.3533  0.23989  1.135E+10  4.016E+33  1.155E+07  5.039E+01  7.356E+16  6.284E-01  2.232E+00  3.131E+00  0
  55  0.3600  0.25040  1.161E+10  4.079E+33  1.140E+07  4.867E+01  7.045E+16  6.341E-01  2.262E+00  2.907E+00  0
  56  0.3667  0.26108  1.186E+10  4.138E+33  1.125E+07  4.701E+01  6.743E+16  6.395E-01  2.293E+00  2.694E+00  0
  57  0.3733  0.27192  1.212E+10  4.194E+33  1.110E+07  4.538E+01  6.450E+16  6.446E-01  2.324E+00  2.492E+00  0
  58  0.3800  0.28292  1.238E+10  4.246E+33  1.095E+07  4.381E+01  6.165E+16  6.494E-01  2.355E+00  2.300E+00  0
  59  0.3867  0.29408  1.264E+10  4.295E+33  1.080E+07  4.227E+01  5.890E+16  6.539E-01  2.387E+00  2.118E+00  0
  60  0.3933  0.30537  1.291E+10  4.341E+33  1.065E+07  4.078E+01  5.623E+16  6.582E-01  2.420E+00  1.947E+00  0
  61  0.4000  0.31681  1.317E+10  4.383E+33  1.051E+07  3.933E+01  5.365E+16  6.623E-01  2.452E+00  1.785E+00  0
  62  0.4067  0.32836  1.344E+10  4.423E+33  1.036E+07  3.792E+01  5.116E+16  6.660E-01  2.485E+00  1.634E+00  0
  63  0.4133  0.34004  1.371E+10  4.459E+33  1.021E+07  3.655E+01  4.875E+16  6.696E-01  2.519E+00  1.493E+00  0
  64  0.4200  0.35184  1.398E+10  4.492E+33  1.007E+07  3.521E+01  4.642E+16  6.729E-01  2.552E+00  1.361E+00  0
  65  0.4267  0.36373  1.426E+10  4.523E+33  9.924E+06  3.391E+01  4.417E+16  6.759E-01  2.586E+00  1.238E+00  0
  66  0.4333  0.37572  1.453E+10  4.551E+33  9.780E+06  3.265E+01  4.200E+16  6.788E-01  2.621E+00  1.124E+00  0
  67  0.4400  0.38780  1.481E+10  4.577E+33  9.637E+06  3.142E+01  3.991E+16  6.815E-01  2.655E+00  1.019E+00  0
  68  0.4467  0.39995  1.509E+10  4.600E+33  9.495E+06  3.022E+01  3.790E+16  6.839E-01  2.690E+00  9.214E-01  0
  69  0.4533  0.41218  1.537E+10  4.621E+33  9.354E+06  2.906E+01  3.596E+16  6.862E-01  2.726E+00  8.316E-01  0
  70  0.4600  0.42447  1.565E+10  4.641E+33  9.213E+06  2.793E+01  3.409E+16  6.883E-01  2.761E+00  7.489E-01  0
  71  0.4667  0.43681  1.594E+10  4.658E+33  9.074E+06  2.682E+01  3.230E+16  6.902E-01  2.796E+00  6.731E-01  0
  72  0.4733  0.44919  1.623E+10  4.674E+33  8.935E+06  2.575E+01  3.058E+16  6.920E-01  2.832E+00  6.038E-01  0
  73  0.4800  0.46161  1.652E+10  4.688E+33  8.797E+06  2.471E+01  2.893E+16  6.936E-01  2.868E+00  5.404E-01  0
  74  0.4867  0.47406  1.681E+10  4.700E+33  8.660E+06  2.370E+01  2.734E+16  6.951E-01  2.904E+00  4.827E-01  0
  75  0.4933  0.48653  1.711E+10  4.712E+33  8.524E+06  2.272E+01  2.582E+16  6.964E-01  2.941E+00  4.303E-01  0
  76  0.5000  0.49900  1.741E+10  4.722E+33  8.389E+06  2.176E+01  2.437E+16  6.977E-01  2.977E+00  3.827E-01  0
  77  0.5067  0.51147  1.771E+10  4.731E+33  8.255E+06  2.084E+01  2.298E+16  6.988E-01  3.014E+00  3.396E-01  0
  78  0.5133  0.52394  1.801E+10  4.739E+33  8.121E+06  1.993E+01  2.164E+16  6.998E-01  3.051E+00  3.007E-01  0
  79  0.5200  0.53639  1.832E+10  4.746E+33  7.988E+06  1.906E+01  2.037E+16  7.007E-01  3.087E+00  2.657E-01  0
  80  0.5267  0.54881  1.863E+10  4.752E+33  7.857E+06  1.821E+01  1.916E+16  7.016E-01  3.124E+00  2.342E-01  0
  81  0.5333  0.56119  1.894E+10  4.757E+33  7.725E+06  1.739E+01  1.800E+16  7.023E-01  3.161E+00  2.060E-01  0
  82  0.5400  0.57353  1.925E+10  4.762E+33  7.595E+06  1.659E+01  1.689E+16  7.030E-01  3.198E+00  1.807E-01  0
  83  0.5467  0.58582  1.957E+10  4.766E+33  7.466E+06  1.582E+01  1.584E+16  7.036E-01  3.236E+00  1.582E-01  0
  84  0.5533  0.59805  1.989E+10  4.769E+33  7.337E+06  1.507E+01  1.483E+16  7.041E-01  3.273E+00  1.381E-01  0
  85  0.5600  0.61020  2.022E+10  4.772E+33  7.210E+06  1.435E+01  1.388E+16  7.046E-01  3.310E+00  1.203E-01  0
  86  0.5667  0.62228  2.055E+10  4.775E+33  7.083E+06  1.365E+01  1.298E+16  7.050E-01  3.348E+00  1.045E-01  0
  87  0.5733  0.63427  2.088E+10  4.777E+33  6.957E+06  1.297E+01  1.212E+16  7.054E-01  3.385E+00  9.051E-02  0
  88  0.5800  0.64616  2.122E+10  4.779E+33  6.831E+06  1.232E+01  1.130E+16  7.058E-01  3.423E+00  7.819E-02  0
  89  0.5867  0.65796  2.156E+10  4.781E+33  6.707E+06  1.169E+01  1.053E+16  7.061E-01  3.460E+00  6.737E-02  0
  90  0.5933  0.66964  2.190E+10  4.782E+33  6.583E+06  1.108E+01  9.800E+15  7.063E-01  3.498E+00  5.787E-02  0
  91  0.6000  0.68119  2.225E+10  4.784E+33  6.460E+06  1.049E+01  9.110E+15  7.066E-01  3.536E+00  4.957E-02  0
  92  0.6067  0.69263  2.260E+10  4.785E+33  6.338E+06  9.929E+00  8.458E+15  7.068E-01  3.573E+00  4.233E-02  0
  93  0.6133  0.70392  2.296E+10  4.786E+33  6.216E+06  9.385E+00  7.843E+15  7.069E-01  3.611E+00  3.603E-02  0
  94  0.6200  0.71508  2.332E+10  4.786E+33  6.095E+06  8.863E+00  7.263E+15  7.071E-01  3.649E+00  3.057E-02  0
  95  0.6267  0.72608  2.369E+10  4.787E+33  5.976E+06  8.361E+00  6.718E+15  7.072E-01  3.687E+00  2.585E-02  0
  96  0.6333  0.73692  2.406E+10  4.787E+33  5.856E+06  7.879E+00  6.205E+15  7.074E-01  3.725E+00  2.178E-02  0
  97  0.6400  0.74760  2.443E+10  4.788E+33  5.738E+06  7.417E+00  5.723E+15  7.075E-01  3.763E+00  1.829E-02  0
  98  0.6467  0.75811  2.481E+10  4.788E+33  5.620E+06  6.974E+00  5.271E+15  7.075E-01  3.801E+00  1.530E-02  0
  99  0.6533  0.76844  2.520E+10  4.788E+33  5.503E+06  6.550E+00  4.848E+15  7.076E-01  3.839E+00  1.275E-02  0
 100  0.6600  0.77859  2.559E+10  4.789E+33  5.387E+06  6.144E+00  4.452E+15  7.077E-01  3.878E+00  1.059E-02  0
 101  0.6667  0.78854  2.599E+10  4.789E+33  5.271E+06  5.757E+00  4.082E+15  7.077E-01  3.916E+00  8.750E-03  0
 102  0.6733  0.79830  2.640E+10  4.789E+33  5.157E+06  5.387E+00  3.736E+15  7.078E-01  3.955E+00  7.202E-03  0
 103  0.6800  0.80785  2.681E+10  4.789E+33  5.042E+06  5.034E+00  3.415E+15  7.078E-01  3.993E+00  5.902E-03  0
 104  0.6867  0.81720  2.722E+10  4.789E+33  4.929E+06  4.698E+00  3.115E+15  7.079E-01  4.032E+00  4.814E-03  0
 105  0.6933  0.82633  2.765E+10  4.789E+33  4.816E+06  4.379E+00  2.837E+15  7.079E-01  4.071E+00  3.908E-03  0
 106  0.7000  0.83525  2.808E+10  4.789E+33  4.705E+06  4.075E+00  2.579E+15  7.079E-01  4.111E+00  3.156E-03  0
 107  0.7067  0.84394  2.851E+10  4.789E+33  4.593E+06  3.787E+00  2.340E+15  7.079E-01  4.150E+00  2.536E-03  0
 108  0.7133  0.85240  2.896E+10  4.789E+33  4.483E+06  3.514E+00  2.119E+15  7.079E-01  4.190E+00  2.027E-03  0
 109  0.7200  0.86063  2.941E+10  4.789E+33  4.373E+06  3.255E+00  1.915E+15  7.079E-01  4.230E+00  1.610E-03  0
 110  0.7267  0.86862  2.987E+10  4.789E+33  4.264E+06  3.010E+00  1.727E+15  7.080E-01  4.270E+00  1.272E-03  0
 111  0.7333  0.87638  3.034E+10  4.789E+33  4.156E+06  2.780E+00  1.554E+15  7.080E-01  4.311E+00  9.984E-04  0
 112  0.7400  0.88389  3.081E+10  4.789E+33  4.048E+06  2.562E+00  1.395E+15  7.080E-01  4.352E+00  7.786E-04  0
 113  0.7467  0.89115  3.130E+10  4.789E+33  3.941E+06  2.357E+00  1.250E+15  7.080E-01  4.393E+00  6.030E-04  0
 114  0.7533  0.89817  3.179E+10  4.789E+33  3.835E+06  2.164E+00  1.117E+15  7.080E-01  4.435E+00  4.637E-04  0
 115  0.7600  0.90494  3.230E+10  4.789E+33  3.730E+06  1.983E+00  9.952E+14  7.080E-01  4.477E+00  3.539E-04  0
 116  0.7667  0.91145  3.281E+10  4.789E+33  3.625E+06  1.814E+00  8.846E+14  7.080E-01  4.520E+00  2.680E-04  0
 117  0.7733  0.91771  3.333E+10  4.789E+33  3.521E+06  1.655E+00  7.841E+14  7.080E-01  4.563E+00  2.012E-04  0
 118  0.7800  0.92371  3.387E+10  4.789E+33  3.418E+06  1.507E+00  6.930E+14  7.080E-01  4.607E+00  1.498E-04  0
 119  0.7867  0.92946  3.441E+10  4.789E+33  3.316E+06  1.369E+00  6.106E+14  7.080E-01  4.651E+00  1.105E-04  0
 120  0.7933  0.93496  3.496E+10  4.789E+33  3.214E+06  1.240E+00  5.363E+14  7.080E-01  4.696E+00  8.068E-05  0
 121  0.8000  0.94020  3.553E+10  4.789E+33  3.113E+06  1.121E+00  4.695E+14  7.080E-01  4.742E+00  5.831E-05  0
 122  0.8067  0.94518  3.611E+10  4.789E+33  3.013E+06  1.010E+00  4.096E+14  7.080E-01  4.789E+00  4.169E-05  0
 123  0.8133  0.94991  3.670E+10  4.789E+33  2.914E+06  9.080E-01  3.560E+14  7.080E-01  4.836E+00  2.946E-05  0
 124  0.8200  0.95438  3.730E+10  4.789E+33  2.815E+06  8.137E-01  3.082E+14  7.080E-01  4.885E+00  2.056E-05  0
 125  0.8267  0.95860  3.791E+10  4.789E+33  2.718E+06  7.270E-01  2.658E+14  7.080E-01  4.935E+00  1.416E-05  0
 126  0.8333  0.96258  3.854E+10  4.789E+33  2.621E+06  6.473E-01  2.283E+14  7.080E-01  4.986E+00  9.624E-06  0
 127  0.8400  0.96630  3.918E+10  4.789E+33  2.525E+06  5.745E-01  1.952E+14  7.080E-01  5.038E+00  6.443E-06  0
 128  0.8467  0.96979  3.983E+10  4.789E+33  2.430E+06  5.080E-01  1.661E+14  7.080E-01  5.091E+00  4.247E-06  0
 129  0.8533  0.97303  4.050E+10  4.789E+33  2.336E+06  4.475E-01  1.406E+14  7.080E-01  5.146E+00  2.753E-06  0
 130  0.8600  0.97604  4.118E+10  4.789E+33  2.243E+06  3.927E-01  1.185E+14  7.080E-01  5.203E+00  1.753E-06  0
 131  0.8667  0.97882  4.188E+10  4.789E+33  2.151E+06  3.432E-01  9.933E+13  7.080E-01  5.261E+00  1.096E-06  0
 132  0.8733  0.98138  4.258E+10  4.789E+33  2.060E+06  2.987E-01  8.280E+13  7.080E-01  5.321E+00  6.720E-07  0
 133  0.8800  0.98371  4.330E+10  4.789E+33  1.970E+06  2.589E-01  6.864E+13  7.080E-01  5.384E+00  4.036E-07  0
 134  0.8867  0.98583  4.403E+10  4.789E+33  1.882E+06  2.234E-01  5.658E+13  7.080E-01  5.448E+00  2.373E-07  0
 135  0.8933  0.98774  4.477E+10  4.789E+33  1.796E+06  1.919E-01  4.638E+13  7.080E-01  5.514E+00  1.365E-07  0
 136  0.9000  0.98946  4.552E+10  4.789E+33  1.711E+06  1.642E-01  3.781E+13  7.080E-01  5.582E+00  7.681E-08  0
 137  0.9067  0.99098  4.628E+10  4.789E+33  1.629E+06  1.400E-01  3.068E+13  7.080E-01  5.652E+00  4.233E-08  0
 138  0.9133  0.99232  4.703E+10  4.789E+33  1.549E+06  1.190E-01  2.479E+13  7.080E-01  5.725E+00  2.288E-08  0
 139  0.9200  0.99348  4.778E+10  4.789E+33  1.472E+06  1.009E-01  1.998E+13  7.080E-01  5.798E+00  1.217E-08  0
 140  0.9267  0.99448  4.851E+10  4.789E+33  1.399E+06  8.552E-02  1.609E+13  7.080E-01  5.873E+00  6.406E-09  0
 141  0.9333  0.99533  4.922E+10  4.789E+33  1.330E+06  7.262E-02  1.299E+13  7.080E-01  5.947E+00  3.367E-09  0
 142  0.9400  0.99603  4.990E+10  4.789E+33  1.266E+06  6.197E-02  1.056E+13  7.080E-01  6.020E+00  1.790E-09  0
 143  0.9467  0.99660  5.052E+10  4.789E+33  1.209E+06  5.336E-02  8.679E+12  7.080E-01  6.090E+00  9.782E-10  0
 144  0.9533  0.99705  5.107E+10  4.789E+33  1.159E+06  4.657E-02  7.263E+12  7.080E-01  6.154E+00  5.611E-10  0
 145  0.9600  0.99740  5.154E+10  4.789E+33  1.118E+06  4.140E-02  6.226E+12  7.080E-01  6.210E+00  3.452E-10  0
 146  0.9667  0.99765  5.191E+10  4.789E+33  1.085E+06  3.764E-02  5.498E+12  7.080E-01  6.255E+00  2.324E-10  0
 147  0.9733  0.99782  5.219E+10  4.789E+33  1.062E+06  3.509E-02  5.015E+12  7.080E-01  6.289E+00  1.731E-10  0
 148  0.9800  0.99792  5.236E+10  4.789E+33  1.047E+06  3.353E-02  4.725E+12  7.080E-01  6.312E+00  1.428E-10  0
 149  0.9867  0.99798  5.245E+10  4.789E+33  1.039E+06  3.272E-02  4.576E+12  7.080E-01  6.324E+00  1.288E-10  0
 150  0.9933  0.99800  5.249E+10  4.789E+33  1.036E+06  3.242E-02  4.522E+12  7.080E-01  6.328E+00  1.240E-10  0
 151  1.0000  0.99800  5.249E+10  4.789E+33  1.036E+06  3.239E-02  4.515E+12  7.080E-01  6.329E+00  1.234E-10  0
0  J      XI       M/M         R          L          T        RHO          P         X      KAPPA        EPS  CV
   1  0.0000  0.00000  0.000E+00  0.000E+00  1.794E+07  1.574E+02  2.657E+17  3.155E-01  1.290E+00  4.820E+01  1
   2  0.0067  0.00000  2.070E+08  2.812E+29  1.794E+07  1.573E+02  2.655E+17  3.155E-01  1.290E+00  4.803E+01  1
   3  0.0133  0.00002  4.123E+08  2.209E+30  1.793E+07  1.572E+02  2.651E+17  3.155E-01  1.292E+00  4.753E+01  1
   4  0.0200  0.00008  6.165E+08  7.300E+30  1.791E+07  1.569E+02  2.644E+17  3.155E-01  1.294E+00  4.673E+01  1
   5  0.0267  0.00018  8.196E+08  1.688E+31  1.788E+07  1.566E+02  2.634E+17  3.155E-01  1.297E+00  4.563E+01  1
   6  0.0333  0.00035  1.022E+09  3.206E+31  1.784E+07  1.561E+02  2.621E+17  3.155E-01  1.301E+00  4.427E+01  1
   7  0.0400  0.00060  1.222E+09  5.365E+31  1.780E+07  1.555E+02  2.606E+17  3.155E-01  1.306E+00  4.269E+01  1
   8  0.0467  0.00094  1.422E+09  8.222E+31  1.775E+07  1.549E+02  2.588E+17  3.155E-01  1.312E+00  4.092E+01  1
   9  0.0533  0.00140  1.622E+09  1.181E+32  1.770E+07  1.542E+02  2.567E+17  3.155E-01  1.318E+00  3.900E+01  1
  10  0.0600  0.00197  1.820E+09  1.612E+32  1.764E+07  1.534E+02  2.545E+17  3.155E-01  1.326E+00  3.696E+01  1
  11  0.0667  0.00267  2.017E+09  2.114E+32  1.757E+07  1.524E+02  2.520E+17  3.155E-01  1.335E+00  3.484E+01  1
  12  0.0733  0.00352  2.214E+09  2.682E+32  1.749E+07  1.515E+02  2.492E+17  3.155E-01  1.344E+00  3.269E+01  1
  13  0.0800  0.00452  2.410E+09  3.311E+32  1.741E+07  1.504E+02  2.463E+17  3.155E-01  1.354E+00  3.052E+01  1
  14  0.0867  0.00568  2.606E+09  3.993E+32  1.732E+07  1.492E+02  2.432E+17  3.155E-01  1.366E+00  2.837E+01  1
  15  0.0933  0.00702  2.801E+09  4.721E+32  1.722E+07  1.480E+02  2.398E+17  3.155E-01  1.378E+00  2.627E+01  1
  16  0.1000  0.00854  2.996E+09  5.485E+32  1.712E+07  1.467E+02  2.363E+17  3.155E-01  1.391E+00  2.424E+01  1
  17  0.1067  0.01026  3.190E+09  6.278E+32  1.702E+07  1.453E+02  2.326E+17  3.155E-01  1.406E+00  2.229E+01  1
  18  0.1133  0.01217  3.384E+09  7.091E+32  1.690E+07  1.439E+02  2.288E+17  3.155E-01  1.421E+00  2.045E+01  1
  19  0.1200  0.01429  3.577E+09  7.916E+32  1.678E+07  1.423E+02  2.248E+17  3.155E-01  1.438E+00  1.871E+01  1
  20  0.1267  0.01662  3.771E+09  8.746E+32  1.666E+07  1.408E+02  2.206E+17  3.155E-01  1.455E+00  1.708E+01  1
  21  0.1333  0.01918  3.964E+09  9.575E+32  1.653E+07  1.391E+02  2.164E+17  3.155E-01  1.474E+00  1.558E+01  1
  22  0.1400  0.02196  4.157E+09  1.040E+33  1.640E+07  1.374E+02  2.119E+17  3.155E-01  1.495E+00  1.419E+01  1
  23  0.1467  0.02497  4.350E+09  1.121E+33  1.625E+07  1.356E+02  2.074E+17  3.155E-01  1.516E+00  1.292E+01  0
  24  0.1533  0.02821  4.543E+09  1.201E+33  1.611E+07  1.335E+02  2.028E+17  3.176E-01  1.538E+00  1.186E+01  0
  25  0.1600  0.03170  4.738E+09  1.283E+33  1.596E+07  1.287E+02  1.981E+17  3.378E-01  1.556E+00  1.178E+01  0
  26  0.1667  0.03542  4.936E+09  1.367E+33  1.582E+07  1.265E+02  1.933E+17  3.399E-01  1.578E+00  1.088E+01  0
  27  0.1733  0.03940  5.134E+09  1.449E+33  1.567E+07  1.242E+02  1.884E+17  3.418E-01  1.600E+00  1.006E+01  0
  28  0.1800  0.04362  5.332E+09  1.531E+33  1.552E+07  1.219E+02  1.835E+17  3.436E-01  1.622E+00  9.322E+00  0
  29  0.1867  0.04809  5.537E+09  1.622E+33  1.537E+07  1.117E+02  1.786E+17  4.117E-01  1.628E+00  1.117E+01  0
  30  0.1933  0.05282  5.751E+09  1.725E+33  1.522E+07  1.086E+02  1.737E+17  4.221E-01  1.648E+00  1.073E+01  0
  31  0.2000  0.05780  5.965E+09  1.829E+33  1.508E+07  1.055E+02  1.687E+17  4.325E-01  1.668E+00  1.032E+01  0
  32  0.2067  0.06304  6.182E+09  1.934E+33  1.493E+07  1.024E+02  1.639E+17  4.427E-01  1.688E+00  9.921E+00  0
  33  0.2133  0.06854  6.399E+09  2.041E+33  1.477E+07  9.943E+01  1.590E+17  4.529E-01  1.708E+00  9.541E+00  0
  34  0.2200  0.07428  6.619E+09  2.148E+33  1.462E+07  9.650E+01  1.542E+17  4.630E-01  1.728E+00  9.173E+00  0
  35  0.2267  0.08029  6.839E+09  2.255E+33  1.447E+07  9.362E+01  1.495E+17  4.730E-01  1.749E+00  8.816E+00  0
  36  0.2333  0.08655  7.062E+09  2.363E+33  1.432E+07  9.081E+01  1.448E+17  4.829E-01  1.771E+00  8.467E+00  0
  37  0.2400  0.09306  7.286E+09  2.470E+33  1.417E+07  8.805E+01  1.401E+17  4.926E-01  1.793E+00  8.125E+00  0
  38  0.2467  0.09983  7.512E+09  2.577E+33  1.401E+07  8.536E+01  1.356E+17  5.023E-01  1.815E+00  7.788E+00  0
  39  0.2533  0.10685  7.739E+09  2.684E+33  1.386E+07  8.272E+01  1.311E+17  5.118E-01  1.837E+00  7.456E+00  0
  40  0.2600  0.11411  7.968E+09  2.789E+33  1.371E+07  8.015E+01  1.266E+17  5.211E-01  1.860E+00  7.128E+00  0
  41  0.2667  0.12162  8.199E+09  2.893E+33  1.355E+07  7.764E+01  1.223E+17  5.303E-01  1.884E+00  6.804E+00  0
  42  0.2733  0.12938  8.431E+09  2.996E+33  1.340E+07  7.519E+01  1.180E+17  5.392E-01  1.907E+00  6.484E+00  0
  43  0.2800  0.13737  8.665E+09  3.096E+33  1.324E+07  7.280E+01  1.138E+17  5.480E-01  1.932E+00  6.169E+00  0
  44  0.2867  0.14560  8.901E+09  3.195E+33  1.309E+07  7.047E+01  1.097E+17  5.566E-01  1.957E+00  5.858E+00  0
  45  0.2933  0.15406  9.138E+09  3.291E+33  1.294E+07  6.821E+01  1.057E+17  5.649E-01  1.982E+00  5.552E+00  0
  46  0.3000  0.16275  9.377E+09  3.384E+33  1.278E+07  6.600E+01  1.018E+17  5.730E-01  2.008E+00  5.253E+00  0
  47  0.3067  0.17167  9.618E+09  3.475E+33  1.263E+07  6.385E+01  9.792E+16  5.809E-01  2.034E+00  4.959E+00  0
  48  0.3133  0.18080  9.861E+09  3.562E+33  1.247E+07  6.177E+01  9.417E+16  5.885E-01  2.061E+00  4.673E+00  0
  49  0.3200  0.19015  1.011E+10  3.646E+33  1.232E+07  5.973E+01  9.050E+16  5.959E-01  2.088E+00  4.394E+00  0
  50  0.3267  0.19970  1.035E+10  3.727E+33  1.217E+07  5.776E+01  8.693E+16  6.029E-01  2.116E+00  4.123E+00  0
  51  0.3333  0.20946  1.060E+10  3.805E+33  1.201E+07  5.584E+01  8.345E+16  6.097E-01  2.144E+00  3.861E+00  0
  52  0.3400  0.21941  1.085E+10  3.879E+33  1.186E+07  5.397E+01  8.006E+16  6.162E-01  2.173E+00  3.608E+00  0
  53  0.3467  0.22956  1.110E+10  3.949E+33  1.171E+07  5.216E+01  7.677E+16  6.225E-01  2.202E+00  3.364E+00  0
  54  0.3533  0.23989  1.135E+10  4.016E+33  1.155E+07  5.039E+01  7.356E+16  6.284E-01  2.232E+00  3.131E+00  0
  55  0.3600  0.25040  1.161E+10  4.079E+33  1.140E+07  4.867E+01  7.045E+16  6.341E-01  2.262E+00  2.907E+00  0
  56  0.3667  0.26108  1.186E+10  4.138E+33  1.125E+07  4.701E+01  6.743E+16  6.395E-01  2.293E+00  2.694E+00  0
  57  0.3733  0.27192  1.212E+10  4.194E+33  1.110E+07  4.538E+01  6.450E+16  6.446E-01  2.324E+00  2.492E+00  0
  58  0.3800  0.28292  1.238E+10  4.246E+33  1.095E+07  4.381E+01  6.165E+16  6.494E-01  2.355E+00  2.300E+00  0
  59  0.3867  0.29408  1.264E+10  4.295E+33  1.080E+07  4.227E+01  5.890E+16  6.539E-01  2.387E+00  2.118E+00  0
  60  0.3933  0.30537  1.291E+10  4.341E+33  1.065E+07  4.078E+01  5.623E+16  6.582E-01  2.420E+00  1.947E+00  0
  61  0.4000  0.31681  1.317E+10  4.383E+33  1.051E+07  3.933E+01  5.365E+16  6.623E-01  2.452E+00  1.785E+00  0
  62  0.4067  0.32836  1.344E+10  4.423E+33  1.036E+07  3.792E+01  5.116E+16  6.660E-01  2.485E+00  1.634E+00  0
  63  0.4133  0.34004  1.371E+10  4.459E+33  1.021E+07  3.655E+01  4.875E+16  6.696E-01  2.519E+00  1.493E+00  0
  64  0.4200  0.35184  1.398E+10  4.492E+33  1.007E+07  3.521E+01  4.642E+16  6.729E-01  2.552E+00  1.361E+00  0
  65  0.4267  0.36373  1.426E+10  4.523E+33  9.924E+06  3.391E+01  4.417E+16  6.759E-01  2.586E+00  1.238E+00  0
  66  0.4333  0.37572  1.453E+10  4.551E+33  9.780E+06  3.265E+01  4.200E+16  6.788E-01  2.621E+00  1.124E+00  0
  67  0.4400  0.38780  1.481E+10  4.577E+33  9.637E+06  3.142E+01  3.991E+16  6.815E-01  2.655E+00  1.019E+00  0
  68  0.4467  0.39995  1.509E+10  4.600E+33  9.495E+06  3.022E+01  3.790E+16  6.839E-01  2.690E+00  9.214E-01  0
  69  0.4533  0.41218  1.537E+10  4.621E+33  9.354E+06  2.906E+01  3.596E+16  6.862E-01  2.726E+00  8.316E-01  0
  70  0.4600  0.42447  1.565E+10  4.641E+33  9.213E+06  2.793E+01  3.409E+16  6.883E-01  2.761E+00  7.489E-01  0
  71  0.4667  0.43681  1.594E+10  4.658E+33  9.074E+06  2.682E+01  3.230E+16  6.902E-01  2.796E+00  6.731E-01  0
  72  0.4733  0.44919  1.623E+10  4.674E+33  8.935E+06  2.575E+01  3.058E+16  6.920E-01  2.832E+00  6.038E-01  0
  73  0.4800  0.46161  1.652E+10  4.688E+33  8.797E+06  2.471E+01  2.893E+16  6.936E-01  2.868E+00  5.404E-01  0
  74  0.4867  0.47406  1.681E+10  4.700E+33  8.660E+06  2.370E+01  2.734E+16  6.951E-01  2.904E+00  4.827E-01  0
  75  0.4933  0.48653  1.711E+10  4.712E+33  8.524E+06  2.272E+01  2.582E+16  6.964E-01  2.941E+00  4.303E-01  0
  76  0.5000  0.49900  1.741E+10  4.722E+33  8.389E+06  2.176E+01  2.437E+16  6.977E-01  2.977E+00  3.827E-01  0
  77  0.5067  0.51147  1.771E+10  4.731E+33  8.255E+06  2.084E+01  2.298E+16  6.988E-01  3.014E+00  3.396E-01  0
  78  0.5133  0.52394  1.801E+10  4.739E+33  8.121E+06  1.993E+01  2.164E+16  6.998E-01  3.051E+00  3.007E-01  0
  79  0.5200  0.53639  1.832E+10  4.746E+33  7.988E+06  1.906E+01  2.037E+16  7.007E-01  3.087E+00  2.657E-01  0
  80  0.5267  0.54881  1.863E+10  4.752E+33  7.857E+06  1.821E+01  1.916E+16  7.016E-01  3.124E+00  2.342E-01  0
  81  0.5333  0.56119  1.894E+10  4.757E+33  7.725E+06  1.739E+01  1.800E+16  7.023E-01  3.161E+00  2.060E-01  0
  82  0.5400  0.57353  1.925E+10  4.762E+33  7.595E+06  1.659E+01  1.689E+16  7.030E-01  3.198E+00  1.807E-01  0
  83  0.5467  0.58582  1.957E+10  4.766E+33  7.466E+06  1.582E+01  1.584E+16  7.036E-01  3.236E+00  1.582E-01  0
  84  0.5533  0.59805  1.989E+10  4.769E+33  7.337E+06  1.507E+01  1.483E+16  7.041E-01  3.273E+00  1.381E-01  0
  85  0.5600  0.61020  2.022E+10  4.772E+33  7.210E+06  1.435E+01  1.388E+16  7.046E-01  3.310E+00  1.203E-01  0
  86  0.5667  0.62228  2.055E+10  4.775E+33  7.083E+06  1.365E+01  1.298E+16  7.050E-01  3.348E+00  1.045E-01  0
  87  0.5733  0.63427  2.088E+10  4.777E+33  6.957E+06  1.297E+01  1.212E+16  7.054E-01  3.385E+00  9.051E-02  0
  88  0.5800  0.64616  2.122E+10  4.779E+33  6.831E+06  1.232E+01  1.130E+16  7.058E-01  3.423E+00  7.819E-02  0
  89  0.5867  0.65796  2.156E+10  4.781E+33  6.707E+06  1.169E+01  1.053E+16  7.061E-01  3.460E+00  6.737E-02  0
  90  0.5933  0.66964  2.190E+10  4.782E+33  6.583E+06  1.108E+01  9.800E+15  7.063E-01  3.498E+00  5.787E-02  0
  91  0.6000  0.68119  2.225E+10  4.784E+33  6.460E+06  1.049E+01  9.110E+15  7.066E-01  3.536E+00  4.957E-02  0
  92  0.6067  0.69263  2.260E+10  4.785E+33  6.338E+06  9.929E+00  8.458E+15  7.068E-01  3.573E+00  4.233E-02  0
  93  0.6133  0.70392  2.296E+10  4.786E+33  6.216E+06  9.385E+00  7.843E+15  7.069E-01  3.611E+00  3.603E-02  0
  94  0.6200  0.71508  2.332E+10  4.786E+33  6.095E+06  8.863E+00  7.263E+15  7.071E-01  3.649E+00  3.057E-02  0
  95  0.6267  0.72608  2.369E+10  4.787E+33  5.976E+06  8.361E+00  6.718E+15  7.072E-01  3.687E+00  2.585E-02  0
  96  0.6333  0.73692  2.406E+10  4.787E+33  5.856E+06  7.879E+00  6.205E+15  7.074E-01  3.725E+00  2.178E-02  0
  97  0.6400  0.74760  2.443E+10  4.788E+33  5.738E+06  7.417E+00  5.723E+15  7.075E-01  3.763E+00  1.829E-02  0
  98  0.6467  0.75811  2.481E+10  4.788E+33  5.620E+06  6.974E+00  5.271E+15  7.075E-01  3.801E+00  1.530E-02  0
  99  0.6533  0.76844  2.520E+10  4.788E+33  5.503E+06  6.550E+00  4.848E+15  7.076E-01  3.839E+00  1.275E-02  0
 100  0.6600  0.77859  2.559E+10  4.789E+33  5.387E+06  6.144E+00  4.452E+15  7.077E-01  3.878E+00  1.059E-02  0
 101  0.6667  0.78854  2.599E+10  4.789E+33  5.271E+06  5.757E+00  4.082E+15  7.077E-01  3.916E+00  8.750E-03  0
 102  0.6733  0.79830  2.640E+10  4.789E+33  5.157E+06  5.387E+00  3.736E+15  7.078E-01  3.955E+00  7.202E-03  0
 103  0.6800  0.80785  2.681E+10  4.789E+33  5.042E+06  5.034E+00  3.415E+15  7.078E-01  3.993E+00  5.902E-03  0
 104  0.6867  0.81720  2.722E+10  4.789E+33  4.929E+06  4.698E+00  3.115E+15  7.079E-01  4.032E+00  4.814E-03  0
 105  0.6933  0.82633  2.765E+10  4.789E+33  4.816E+06  4.379E+00  2.837E+15  7.079E-01  4.071E+00  3.908E-03  0
 106  0.7000  0.83525  2.808E+10  4.789E+33  4.705E+06  4.075E+00  2.579E+15  7.079E-01  4.111E+00  3.156E-03  0
 107  0.7067  0.84394  2.851E+10  4.789E+33  4.593E+06  3.787E+00  2.340E+15  7.079E-01  4.150E+00  2.536E-03  0
 108  0.7133  0.85240  2.896E+10  4.789E+33  4.483E+06  3.514E+00  2.119E+15  7.079E-01  4.190E+00  2.027E-03  0
 109  0.7200  0.86063  2.941E+10  4.789E+33  4.373E+06  3.255E+00  1.915E+15  7.079E-01  4.230E+00  1.610E-03  0
 110  0.7267  0.86862  2.987E+10  4.789E+33  4.264E+06  3.010E+00  1.727E+15  7.080E-01  4.270E+00  1.272E-03  0
 111  0.7333  0.87638  3.034E+10  4.789E+33  4.156E+06  2.780E+00  1.554E+15  7.080E-01  4.311E+00  9.984E-04  0
 112  0.7400  0.88389  3.081E+10  4.789E+33  4.048E+06  2.562E+00  1.395E+15  7.080E-01  4.352E+00  7.786E-04  0
 113  0.7467  0.89115  3.130E+10  4.789E+33  3.941E+06  2.357E+00  1.250E+15  7.080E-01  4.393E+00  6.030E-04  0
 114  0.7533  0.89817  3.179E+10  4.789E+33  3.835E+06  2.164E+00  1.117E+15  7.080E-01  4.435E+00  4.637E-04  0
 115  0.7600  0.90494  3.230E+10  4.789E+33  3.730E+06  1.983E+00  9.952E+14  7.080E-01  4.477E+00  3.539E-04  0
 116  0.7667  0.91145  3.281E+10  4.789E+33  3.625E+06  1.814E+00  8.846E+14  7.080E-01  4.520E+00  2.680E-04  0
 117  0.7733  0.91771  3.333E+10  4.789E+33  3.521E+06  1.655E+00  7.841E+14  7.080E-01  4.563E+00  2.012E-04  0
 118  0.7800  0.92371  3.387E+10  4.789E+33  3.418E+06  1.507E+00  6.930E+14  7.080E-01  4.607E+00  1.498E-04  0
 119  0.7867  0.92946  3.441E+10  4.789E+33  3.316E+06  1.369E+00  6.106E+14  7.080E-01  4.651E+00  1.105E-04  0
 120  0.7933  0.93496  3.496E+10  4.789E+33  3.214E+06  1.240E+00  5.363E+14  7.080E-01  4.696E+00  8.068E-05  0
 121  0.8000  0.94020  3.553E+10  4.789E+33  3.113E+06  1.121E+00  4.695E+14  7.080E-01  4.742E+00  5.831E-05  0
 122  0.8067  0.94518  3.611E+10  4.789E+33  3.013E+06  1.010E+00  4.096E+14  7.080E-01  4.789E+00  4.169E-05  0
 123  0.8133  0.94991  3.670E+10  4.789E+33  2.914E+06  9.080E-01  3.560E+14  7.080E-01  4.836E+00  2.946E-05  0
 124  0.8200  0.95438  3.730E+10  4.789E+33  2.815E+06  8.137E-01  3.082E+14  7.080E-01  4.885E+00  2.056E-05  0
 125  0.8267  0.95860  3.791E+10  4.789E+33  2.718E+06  7.270E-01  2.658E+14  7.080E-01  4.935E+00  1.416E-05  0
 126  0.8333  0.96258  3.854E+10  4.789E+33  2.621E+06  6.473E-01  2.283E+14  7.080E-01  4.986E+00  9.624E-06  0
 127  0.8400  0.96630  3.918E+10  4.789E+33  2.525E+06  5.745E-01  1.952E+14  7.080E-01  5.038E+00  6.443E-06  0
 128  0.8467  0.96979  3.983E+10  4.789E+33  2.430E+06  5.080E-01  1.661E+14  7.080E-01  5.091E+00  4.247E-06  0
 129  0.8533  0.97303  4.050E+10  4.789E+33  2.336E+06  4.475E-01  1.406E+14  7.080E-01  5.146E+00  2.753E-06  0
 130  0.8600  0.97604  4.118E+10  4.789E+33  2.243E+06  3.927E-01  1.185E+14  7.080E-01  5.203E+00  1.753E-06  0
 131  0.8667  0.97882  4.188E+10  4.789E+33  2.151E+06  3.432E-01  9.933E+13  7.080E-01  5.261E+00  1.096E-06  0
 132  0.8733  0.98138  4.258E+10  4.789E+33  2.060E+06  2.987E-01  8.280E+13  7.080E-01  5.321E+00  6.720E-07  0
 133  0.8800  0.98371  4.330E+10  4.789E+33  1.970E+06  2.589E-01  6.864E+13  7.080E-01  5.384E+00  4.036E-07  0
 134  0.8867  0.98583  4.403E+10  4.789E+33  1.882E+06  2.234E-01  5.658E+13  7.080E-01  5.448E+00  2.373E-07  0
 135  0.8933  0.98774  4.477E+10  4.789E+33  1.796E+06  1.919E-01  4.638E+13  7.080E-01  5.514E+00  1.365E-07  0
 136  0.9000  0.98946  4.552E+10  4.789E+33  1.711E+06  1.642E-01  3.781E+13  7.080E-01  5.582E+00  7.681E-08  0
 137  0.9067  0.99098  4.628E+10  4.789E+33  1.629E+06  1.400E-01  3.068E+13  7.080E-01  5.652E+00  4.233E-08  0
 138  0.9133  0.99232  4.703E+10  4.789E+33  1.549E+06  1.190E-01  2.479E+13  7.080E-01  5.725E+00  2.288E-08  0
 139  0.9200  0.99348  4.778E+10  4.789E+33  1.472E+06  1.009E-01  1.998E+13  7.080E-01  5.798E+00  1.217E-08  0
 140  0.9267  0.99448  4.851E+10  4.789E+33  1.399E+06  8.552E-02  1.609E+13  7.080E-01  5.873E+00  6.406E-09  0
 141  0.9333  0.99533  4.922E+10  4.789E+33  1.330E+06  7.262E-02  1.299E+13  7.080E-01  5.947E+00  3.367E-09  0
 142  0.9400  0.99603  4.990E+10  4.789E+33  1.266E+06  6.197E-02  1.056E+13  7.080E-01  6.020E+00  1.790E-09  0
 143  0.9467  0.99660  5.052E+10  4.789E+33  1.209E+06  5.336E-02  8.679E+12  7.080E-01  6.090E+00  9.782E-10  0
 144  0.9533  0.99705  5.107E+10  4.789E+33  1.159E+06  4.657E-02  7.263E+12  7.080E-01  6.154E+00  5.611E-10  0
 145  0.9600  0.99740  5.154E+10  4.789E+33  1.118E+06  4.140E-02  6.226E+12  7.080E-01  6.210E+00  3.452E-10  0
 146  0.9667  0.99765  5.191E+10  4.789E+33  1.085E+06  3.764E-02  5.498E+12  7.080E-01  6.255E+00  2.324E-10  0
 147  0.9733  0.99782  5.219E+10  4.789E+33  1.062E+06  3.509E-02  5.015E+12  7.080E-01  6.289E+00  1.731E-10  0
 148  0.9800  0.99792  5.236E+10  4.789E+33  1.047E+06  3.353E-02  4.725E+12  7.080E-01  6.312E+00  1.428E-10  0
 149  0.9867  0.99798  5.245E+10  4.789E+33  1.039E+06  3.272E-02  4.576E+12  7.080E-01  6.324E+00  1.288E-10  0
 150  0.9933  0.99800  5.249E+10  4.789E+33  1.036E+06  3.242E-02  4.522E+12  7.080E-01  6.328E+00  1.240E-10  0
 151  1.0000  0.99800  5.249E+10  4.789E+33  1.036E+06  3.239E-02  4.515E+12  7.080E-01  6.329E+00  1.234E-10  0
